Component: ARM Compiler 5.06 update 6 (build 750) Tool: armlink [4d35ed]

==============================================================================

Section Cross References

    main.o(i.CheckRetCode) refers to _printf_percent.o(.ARM.Collect$$_printf_percent$$00000000) for _printf_percent
    main.o(i.CheckRetCode) refers to _printf_d.o(.ARM.Collect$$_printf_percent$$00000009) for _printf_d
    main.o(i.CheckRetCode) refers to _printf_dec.o(.text) for _printf_int_dec
    main.o(i.CheckRetCode) refers to _printf_s.o(.ARM.Collect$$_printf_percent$$00000014) for _printf_s
    main.o(i.CheckRetCode) refers to _printf_str.o(.text) for _printf_str
    main.o(i.CheckRetCode) refers to noretval__2printf.o(.text) for __2printf
    main.o(i.DebugFrame) refers to putc.o(.text) for putc
    main.o(i.DebugFrame) refers to stdio_streams.o(.bss) for __stdout
    main.o(i.DebugMacFrame) refers to putc.o(.text) for putc
    main.o(i.DebugMacFrame) refers to stdio_streams.o(.bss) for __stdout
    main.o(i.HAL_GetTick) refers to rtx_kernel.o(i.osKernelGetTickCount) for osKernelGetTickCount
    main.o(i.SystemClock_Config) refers to stm32f7xx_hal_rcc.o(i.HAL_RCC_OscConfig) for HAL_RCC_OscConfig
    main.o(i.SystemClock_Config) refers to stm32f7xx_hal_pwr_ex.o(i.HAL_PWREx_EnableOverDrive) for HAL_PWREx_EnableOverDrive
    main.o(i.SystemClock_Config) refers to stm32f7xx_hal_rcc.o(i.HAL_RCC_ClockConfig) for HAL_RCC_ClockConfig
    main.o(i.SystemClock_Config) refers to stm32f7xx_hal_rcc_ex.o(i.HAL_RCCEx_GetPeriphCLKConfig) for HAL_RCCEx_GetPeriphCLKConfig
    main.o(i.SystemClock_Config) refers to stm32f7xx_hal_rcc_ex.o(i.HAL_RCCEx_PeriphCLKConfig) for HAL_RCCEx_PeriphCLKConfig
    main.o(i.main) refers to main.o(i.SystemClock_Config) for SystemClock_Config
    main.o(i.main) refers to eventrecorder.o(i.EventRecorderInitialize) for EventRecorderInitialize
    main.o(i.main) refers to eventrecorder.o(i.EventRecorderDisable) for EventRecorderDisable
    main.o(i.main) refers to eventrecorder.o(i.EventRecorderStart) for EventRecorderStart
    main.o(i.main) refers to rtx_kernel.o(i.osKernelInitialize) for osKernelInitialize
    main.o(i.main) refers to ext_led.o(i.Ext_LED_Init) for Ext_LED_Init
    main.o(i.main) refers to ext_uart.o(i.Ext_UART_Init) for Ext_UART_Init
    main.o(i.main) refers to ext_led.o(i.Ext_LED_PWM) for Ext_LED_PWM
    main.o(i.main) refers to rtx_mempool.o(i.osMemoryPoolNew) for osMemoryPoolNew
    main.o(i.main) refers to rtx_evflags.o(i.osEventFlagsNew) for osEventFlagsNew
    main.o(i.main) refers to rtx_msgqueue.o(i.osMessageQueueNew) for osMessageQueueNew
    main.o(i.main) refers to rtx_thread.o(i.osThreadNew) for osThreadNew
    main.o(i.main) refers to rtx_kernel.o(i.osKernelStart) for osKernelStart
    main.o(i.main) refers to main.o(.bss) for gTokenInterface
    main.o(i.main) refers to main.o(.data) for memPool
    main.o(i.main) refers to main.o(.constdata) for debug_attr
    main.o(i.main) refers to debug.o(i.DebugStation) for DebugStation
    main.o(i.main) refers to phy_receiver.o(i.PhReceiver) for PhReceiver
    main.o(i.main) refers to phy_sender.o(i.PhSender) for PhSender
    main.o(i.main) refers to mac_receiver.o(i.MacReceiver) for MacReceiver
    main.o(i.main) refers to mac_sender.o(i.MacSender) for MacSender
    main.o(i.main) refers to time_receiver.o(i.TimeReceiver) for TimeReceiver
    main.o(i.main) refers to time_sender.o(i.TimeSender) for TimeSender
    main.o(i.main) refers to chat_receiver.o(i.ChatReceiver) for ChatReceiver
    main.o(i.main) refers to chat_sender.o(i.ChatSender) for ChatSender
    main.o(i.main) refers to touch.o(i.Touch) for Touch
    main.o(i.main) refers to lcd.o(i.LCD) for LCD
    main.o(.constdata) refers to main.o(.conststring) for .conststring
    lcd.o(i.LCD) refers to _printf_percent.o(.ARM.Collect$$_printf_percent$$00000000) for _printf_percent
    lcd.o(i.LCD) refers to _printf_d.o(.ARM.Collect$$_printf_percent$$00000009) for _printf_d
    lcd.o(i.LCD) refers to _printf_dec.o(.text) for _printf_int_dec
    lcd.o(i.LCD) refers to _printf_s.o(.ARM.Collect$$_printf_percent$$00000014) for _printf_s
    lcd.o(i.LCD) refers to _printf_str.o(.text) for _printf_str
    lcd.o(i.LCD) refers to gfx.o(i.gfxInit) for gfxInit
    lcd.o(i.LCD) refers to gdisp.o(i.gdispGClear) for gdispGClear
    lcd.o(i.LCD) refers to gdisp_fonts.o(i.gdispOpenFont) for gdispOpenFont
    lcd.o(i.LCD) refers to gwin.o(i.gwinSetDefaultFont) for gwinSetDefaultFont
    lcd.o(i.LCD) refers to gwin_widget.o(i.gwinSetDefaultStyle) for gwinSetDefaultStyle
    lcd.o(i.LCD) refers to gui.o(i.guiInit) for guiInit
    lcd.o(i.LCD) refers to gevent.o(i.geventListenerInit) for geventListenerInit
    lcd.o(i.LCD) refers to gwin_widget.o(i.gwinAttachListener) for gwinAttachListener
    lcd.o(i.LCD) refers to gui.o(i.guiShowPage) for guiShowPage
    lcd.o(i.LCD) refers to noretval__2sprintf.o(.text) for __2sprintf
    lcd.o(i.LCD) refers to gwin_widget.o(i.gwinSetText) for gwinSetText
[...]
    0x08003a24   0x08003a24   0x00000020   Code   RO         1346    i.EvrRtxMemoryFree  rtx_evr.o
    0x08003a44   0x08003a44   0x0000001c   Code   RO         1347    i.EvrRtxMemoryInit  rtx_evr.o
    0x08003a60   0x08003a60   0x00000018   Code   RO         1348    i.EvrRtxMemoryPoolAlloc  rtx_evr.o
    0x08003a78   0x08003a78   0x00000014   Code   RO         1349    i.EvrRtxMemoryPoolAllocFailed  rtx_evr.o
    0x08003a8c   0x08003a8c   0x00000018   Code   RO         1350    i.EvrRtxMemoryPoolAllocPending  rtx_evr.o
    0x08003aa4   0x08003aa4   0x00000014   Code   RO         1351    i.EvrRtxMemoryPoolAllocTimeout  rtx_evr.o
    0x08003ab8   0x08003ab8   0x00000018   Code   RO         1352    i.EvrRtxMemoryPoolAllocated  rtx_evr.o
    0x08003ad0   0x08003ad0   0x00000018   Code   RO         1353    i.EvrRtxMemoryPoolCreated  rtx_evr.o
    0x08003ae8   0x08003ae8   0x00000018   Code   RO         1354    i.EvrRtxMemoryPoolDeallocated  rtx_evr.o
    0x08003b00   0x08003b00   0x00000014   Code   RO         1357    i.EvrRtxMemoryPoolError  rtx_evr.o
    0x08003b14   0x08003b14   0x00000018   Code   RO         1358    i.EvrRtxMemoryPoolFree  rtx_evr.o
    0x08003b2c   0x08003b2c   0x00000018   Code   RO         1359    i.EvrRtxMemoryPoolFreeFailed  rtx_evr.o
    0x08003b44   0x08003b44   0x00000020   Code   RO         1365    i.EvrRtxMemoryPoolNew  rtx_evr.o
    0x08003b64   0x08003b64   0x00000018   Code   RO         1366    i.EvrRtxMessageQueueCreated  rtx_evr.o
    0x08003b7c   0x08003b7c   0x00000014   Code   RO         1369    i.EvrRtxMessageQueueError  rtx_evr.o
    0x08003b90   0x08003b90   0x00000020   Code   RO         1370    i.EvrRtxMessageQueueGet  rtx_evr.o
    0x08003bb0   0x08003bb0   0x00000020   Code   RO         1375    i.EvrRtxMessageQueueGetPending  rtx_evr.o
    0x08003bd0   0x08003bd0   0x00000018   Code   RO         1376    i.EvrRtxMessageQueueGetSpace  rtx_evr.o
    0x08003be8   0x08003be8   0x00000014   Code   RO         1377    i.EvrRtxMessageQueueGetTimeout  rtx_evr.o
    0x08003bfc   0x08003bfc   0x00000018   Code   RO         1378    i.EvrRtxMessageQueueInsertPending  rtx_evr.o
    0x08003c14   0x08003c14   0x00000018   Code   RO         1379    i.EvrRtxMessageQueueInserted  rtx_evr.o
    0x08003c2c   0x08003c2c   0x00000020   Code   RO         1380    i.EvrRtxMessageQueueNew  rtx_evr.o
    0x08003c4c   0x08003c4c   0x00000018   Code   RO         1381    i.EvrRtxMessageQueueNotInserted  rtx_evr.o
    0x08003c64   0x08003c64   0x00000018   Code   RO         1382    i.EvrRtxMessageQueueNotRetrieved  rtx_evr.o
    0x08003c7c   0x08003c7c   0x00000020   Code   RO         1383    i.EvrRtxMessageQueuePut  rtx_evr.o
    0x08003c9c   0x08003c9c   0x00000020   Code   RO         1384    i.EvrRtxMessageQueuePutPending  rtx_evr.o
    0x08003cbc   0x08003cbc   0x00000014   Code   RO         1385    i.EvrRtxMessageQueuePutTimeout  rtx_evr.o
    0x08003cd0   0x08003cd0   0x00000018   Code   RO         1388    i.EvrRtxMessageQueueRetrieved  rtx_evr.o
    0x08003ce8   0x08003ce8   0x00000018   Code   RO         1389    i.EvrRtxThreadBlocked  rtx_evr.o
    0x08003d00   0x08003d00   0x00000028   Code   RO         1390    i.EvrRtxThreadCreated  rtx_evr.o
    0x08003d28   0x08003d28   0x00000014   Code   RO         1391    i.EvrRtxThreadDestroyed  rtx_evr.o
    0x08003d3c   0x08003d3c   0x00000014   Code   RO         1395    i.EvrRtxThreadError  rtx_evr.o
    0x08003d50   0x08003d50   0x00000014   Code   RO         1396    i.EvrRtxThreadExit  rtx_evr.o
    0x08003d64   0x08003d64   0x00000020   Code   RO         1404    i.EvrRtxThreadFlagsWaitCompleted  rtx_evr.o
    0x08003d84   0x08003d84   0x00000014   Code   RO         1407    i.EvrRtxThreadFlagsWaitTimeout  rtx_evr.o
    0x08003d98   0x08003d98   0x00000014   Code   RO         1409    i.EvrRtxThreadGetId  rtx_evr.o
    0x08003dac   0x08003dac   0x00000014   Code   RO         1417    i.EvrRtxThreadJoined  rtx_evr.o
    0x08003dc0   0x08003dc0   0x00000020   Code   RO         1418    i.EvrRtxThreadNew   rtx_evr.o
    0x08003de0   0x08003de0   0x00000014   Code   RO         1419    i.EvrRtxThreadPreempted  rtx_evr.o
    0x08003df4   0x08003df4   0x00000014   Code   RO         1426    i.EvrRtxThreadSwitched  rtx_evr.o
    0x08003e08   0x08003e08   0x00000018   Code   RO         1428    i.EvrRtxThreadUnblocked  rtx_evr.o
    0x08003e20   0x08003e20   0x00000014   Code   RO         1429    i.EvrRtxThreadYield  rtx_evr.o
    0x08003e34   0x08003e34   0x00000018   Code   RO         1430    i.EvrRtxTimerCallback  rtx_evr.o
    0x08003e4c   0x08003e4c   0x0000016c   Code   RO         6467    i.Ext_Keyboard_Init  ext_keyboard.o
    0x08003fb8   0x08003fb8   0x0000025c   Code   RO         6515    i.Ext_LED_Init      ext_led.o
    0x08004214   0x08004214   0x00000058   Code   RO         6518    i.Ext_LED_PWM       ext_led.o
    0x0800426c   0x0800426c   0x00000048   Code   RO         6574    i.Ext_UART_Init     ext_uart.o
    0x080042b4   0x080042b4   0x00000124   Code   RO        11261    i.GTimerThreadHandler  gtimer.o
    0x080043d8   0x080043d8   0x00000010   Code   RO         4182    i.GetContext        eventrecorder.o
    0x080043e8   0x080043e8   0x0000044c   Code   RO        10334    i.GetMouseReading   ginput_mouse.o
    0x08004834   0x08004834   0x000000aa   Code   RO         4715    i.HAL_DMA_Abort     stm32f7xx_hal_dma.o
    0x080048de   0x080048de   0x00000028   Code   RO         4716    i.HAL_DMA_Abort_IT  stm32f7xx_hal_dma.o
    0x08004906   0x08004906   0x0000006e   Code   RO         4717    i.HAL_DMA_DeInit    stm32f7xx_hal_dma.o
    0x08004974   0x08004974   0x00000240   Code   RO         4720    i.HAL_DMA_IRQHandler  stm32f7xx_hal_dma.o
    0x08004bb4   0x08004bb4   0x000000ec   Code   RO         4721    i.HAL_DMA_Init      stm32f7xx_hal_dma.o
    0x08004ca0   0x08004ca0   0x0000009e   Code   RO         4725    i.HAL_DMA_Start_IT  stm32f7xx_hal_dma.o
    0x08004d3e   0x08004d3e   0x00000002   PAD
    0x08004d40   0x08004d40   0x00000028   Code   RO         4381    i.HAL_Delay         stm32f7xx_hal.o
    0x08004d68   0x08004d68   0x00000180   Code   RO         4859    i.HAL_GPIO_DeInit   stm32f7xx_hal_gpio.o
    0x08004ee8   0x08004ee8   0x00000050   Code   RO          439    i.HAL_GPIO_EXTI_Callback  chat_sender.o
    0x08004f38   0x08004f38   0x0000001c   Code   RO         4861    i.HAL_GPIO_EXTI_IRQHandler  stm32f7xx_hal_gpio.o
    0x08004f54   0x08004f54   0x00000218   Code   RO         4862    i.HAL_GPIO_Init     stm32f7xx_hal_gpio.o
    0x0800516c   0x0800516c   0x00000010   Code   RO         4864    i.HAL_GPIO_ReadPin  stm32f7xx_hal_gpio.o
    0x0800517c   0x0800517c   0x0000000c   Code   RO         4866    i.HAL_GPIO_WritePin  stm32f7xx_hal_gpio.o
    0x08005188   0x08005188   0x00000008   Code   RO            7    i.HAL_GetTick       main.o
    0x08005190   0x08005190   0x0000004c   Code   RO         4397    i.HAL_InitTick      stm32f7xx_hal.o
    0x080051dc   0x080051dc   0x00000024   Code   RO         4575    i.HAL_NVIC_ClearPendingIRQ  stm32f7xx_hal_cortex.o
    0x08005200   0x08005200   0x0000002c   Code   RO         4576    i.HAL_NVIC_DisableIRQ  stm32f7xx_hal_cortex.o
    0x0800522c   0x0800522c   0x00000028   Code   RO         4577    i.HAL_NVIC_EnableIRQ  stm32f7xx_hal_cortex.o
    0x08005254   0x08005254   0x0000007c   Code   RO         4583    i.HAL_NVIC_SetPriority  stm32f7xx_hal_cortex.o
    0x080052d0   0x080052d0   0x00000090   Code   RO         5055    i.HAL_PWREx_EnableOverDrive  stm32f7xx_hal_pwr_ex.o
    0x08005360   0x08005360   0x000001a4   Code   RO         5247    i.HAL_RCCEx_GetPeriphCLKConfig  stm32f7xx_hal_rcc_ex.o
    0x08005504   0x08005504   0x000001cc   Code   RO         5248    i.HAL_RCCEx_GetPeriphCLKFreq  stm32f7xx_hal_rcc_ex.o
    0x080056d0   0x080056d0   0x000006e0   Code   RO         5249    i.HAL_RCCEx_PeriphCLKConfig  stm32f7xx_hal_rcc_ex.o
    0x08005db0   0x08005db0   0x00000194   Code   RO         5142    i.HAL_RCC_ClockConfig  stm32f7xx_hal_rcc.o
    0x08005f44   0x08005f44   0x0000000c   Code   RO         5147    i.HAL_RCC_GetHCLKFreq  stm32f7xx_hal_rcc.o
    0x08005f50   0x08005f50   0x00000020   Code   RO         5149    i.HAL_RCC_GetPCLK1Freq  stm32f7xx_hal_rcc.o
    0x08005f70   0x08005f70   0x00000020   Code   RO         5150    i.HAL_RCC_GetPCLK2Freq  stm32f7xx_hal_rcc.o
    0x08005f90   0x08005f90   0x000000b0   Code   RO         5151    i.HAL_RCC_GetSysClockFreq  stm32f7xx_hal_rcc.o
    0x08006040   0x08006040   0x00000504   Code   RO         5154    i.HAL_RCC_OscConfig  stm32f7xx_hal_rcc.o
    0x08006544   0x08006544   0x000000f2   Code   RO         5470    i.HAL_SPI_Init      stm32f7xx_hal_spi.o
    0x08006636   0x08006636   0x00000002   Code   RO         5472    i.HAL_SPI_MspInit   stm32f7xx_hal_spi.o
    0x08006638   0x08006638   0x00000288   Code   RO         5473    i.HAL_SPI_Receive   stm32f7xx_hal_spi.o
    0x080068c0   0x080068c0   0x000003d2   Code   RO         5479    i.HAL_SPI_TransmitReceive  stm32f7xx_hal_spi.o
    0x08006c92   0x08006c92   0x00000034   Code   RO         4588    i.HAL_SYSTICK_Config  stm32f7xx_hal_cortex.o
    0x08006cc6   0x08006cc6   0x00000002   Code   RO         5854    i.HAL_UART_ErrorCallback  stm32f7xx_hal_uart.o
    0x08006cc8   0x08006cc8   0x00000198   Code   RO         5857    i.HAL_UART_IRQHandler  stm32f7xx_hal_uart.o
    0x08006e60   0x08006e60   0x00000074   Code   RO         5858    i.HAL_UART_Init     stm32f7xx_hal_uart.o
    0x08006ed4   0x08006ed4   0x00000078   Code   RO         6575    i.HAL_UART_MspInit  ext_uart.o
    0x08006f4c   0x08006f4c   0x000000e4   Code   RO         5863    i.HAL_UART_Receive_IT  stm32f7xx_hal_uart.o
    0x08007030   0x08007030   0x00000104   Code   RO          645    i.HAL_UART_RxCpltCallback  phy_receiver.o
    0x08007134   0x08007134   0x00000014   Code   RO          679    i.HAL_UART_TxCpltCallback  phy_sender.o
    0x08007148   0x08007148   0x00000018   Code   RO         3800    i.I2C3_Control      i2c_stm32f7xx.o
    0x08007160   0x08007160   0x00000010   Code   RO         3801    i.I2C3_ER_IRQHandler  i2c_stm32f7xx.o
    0x08007170   0x08007170   0x00000010   Code   RO         3802    i.I2C3_EV_IRQHandler  i2c_stm32f7xx.o
    0x08007180   0x08007180   0x00000010   Code   RO         3803    i.I2C3_GetDataCount  i2c_stm32f7xx.o
    0x08007190   0x08007190   0x00000010   Code   RO         3804    i.I2C3_GetStatus    i2c_stm32f7xx.o
    0x080071a0   0x080071a0   0x00000014   Code   RO         3805    i.I2C3_Initialize   i2c_stm32f7xx.o
    0x080071b4   0x080071b4   0x00000020   Code   RO         3806    i.I2C3_MasterReceive  i2c_stm32f7xx.o
    0x080071d4   0x080071d4   0x00000020   Code   RO         3807    i.I2C3_MasterTransmit  i2c_stm32f7xx.o
    0x080071f4   0x080071f4   0x00000014   Code   RO         3808    i.I2C3_PowerControl  i2c_stm32f7xx.o
    0x08007208   0x08007208   0x00000018   Code   RO         3809    i.I2C3_SlaveReceive  i2c_stm32f7xx.o
    0x08007220   0x08007220   0x00000018   Code   RO         3810    i.I2C3_SlaveTransmit  i2c_stm32f7xx.o
    0x08007238   0x08007238   0x00000010   Code   RO         3811    i.I2C3_Uninitialize  i2c_stm32f7xx.o
    0x08007248   0x08007248   0x0000000c   Code   RO         3812    i.I2CX_GetCapabilities  i2c_stm32f7xx.o
    0x08007254   0x08007254   0x00000010   Code   RO         3813    i.I2CX_GetVersion   i2c_stm32f7xx.o
    0x08007264   0x08007264   0x00000304   Code   RO         3814    i.I2C_Control       i2c_stm32f7xx.o
    0x08007568   0x08007568   0x00000096   Code   RO         3815    i.I2C_ER_IRQHandler  i2c_stm32f7xx.o
    0x080075fe   0x080075fe   0x00000002   PAD
    0x08007600   0x08007600   0x00000278   Code   RO         3816    i.I2C_EV_IRQHandler  i2c_stm32f7xx.o
    0x08007878   0x08007878   0x00000008   Code   RO         3817    i.I2C_GetDataCount  i2c_stm32f7xx.o
    0x08007880   0x08007880   0x000000cc   Code   RO         3818    i.I2C_GetSCLRatio   i2c_stm32f7xx.o
    0x0800794c   0x0800794c   0x00000008   Code   RO         3819    i.I2C_GetStatus     i2c_stm32f7xx.o
    0x08007954   0x08007954   0x00000130   Code   RO         3820    i.I2C_GetTimingValue  i2c_stm32f7xx.o
    0x08007a84   0x08007a84   0x000001e4   Code   RO         3821    i.I2C_Initialize    i2c_stm32f7xx.o
    0x08007c68   0x08007c68   0x0000015c   Code   RO         3822    i.I2C_MasterReceive  i2c_stm32f7xx.o
    0x08007dc4   0x08007dc4   0x00000152   Code   RO         3823    i.I2C_MasterTransmit  i2c_stm32f7xx.o
    0x08007f16   0x08007f16   0x00000002   PAD
    0x08007f18   0x08007f18   0x000003a4   Code   RO         3824    i.I2C_PowerControl  i2c_stm32f7xx.o
    0x080082bc   0x080082bc   0x0000005c   Code   RO         3825    i.I2C_SlaveReceive  i2c_stm32f7xx.o
    0x08008318   0x08008318   0x00000088   Code   RO         3826    i.I2C_SlaveTransmit  i2c_stm32f7xx.o
    0x080083a0   0x080083a0   0x00000034   Code   RO         3827    i.I2C_Uninitialize  i2c_stm32f7xx.o
    0x080083d4   0x080083d4   0x00000030   Code   RO         4290    i.ITM_SendChar      retarget_io.o
    0x08008404   0x08008404   0x00000018   Code   RO        12370    i.ImageDestroy      gwin_image.o
    0x0800841c   0x0800841c   0x00000152   Code   RO        12371    i.ImageRedraw       gwin_image.o
    0x0800856e   0x0800856e   0x00000018   Code   RO         1078    i.IsIrqMasked       rtx_delay.o
    0x08008586   0x08008586   0x00000018   Code   RO         1165    i.IsIrqMasked       rtx_evflags.o
    0x0800859e   0x0800859e   0x00000018   Code   RO         2184    i.IsIrqMasked       rtx_kernel.o
    0x080085b6   0x080085b6   0x00000018   Code   RO         2527    i.IsIrqMasked       rtx_mempool.o
    0x080085ce   0x080085ce   0x00000018   Code   RO         2689    i.IsIrqMasked       rtx_msgqueue.o
    0x080085e6   0x080085e6   0x00000018   Code   RO         2867    i.IsIrqMasked       rtx_mutex.o
    0x080085fe   0x080085fe   0x00000018   Code   RO         2980    i.IsIrqMasked       rtx_semaphore.o
    0x08008616   0x08008616   0x00000018   Code   RO         3152    i.IsIrqMasked       rtx_thread.o
    0x0800862e   0x0800862e   0x00000010   Code   RO         1079    i.IsIrqMode         rtx_delay.o
    0x0800863e   0x0800863e   0x00000010   Code   RO         1166    i.IsIrqMode         rtx_evflags.o
    0x0800864e   0x0800864e   0x00000010   Code   RO         2185    i.IsIrqMode         rtx_kernel.o
    0x0800865e   0x0800865e   0x00000010   Code   RO         2528    i.IsIrqMode         rtx_mempool.o
    0x0800866e   0x0800866e   0x00000010   Code   RO         2690    i.IsIrqMode         rtx_msgqueue.o
    0x0800867e   0x0800867e   0x00000010   Code   RO         2868    i.IsIrqMode         rtx_mutex.o
    0x0800868e   0x0800868e   0x00000010   Code   RO         2981    i.IsIrqMode         rtx_semaphore.o
    0x0800869e   0x0800869e   0x00000010   Code   RO         3153    i.IsIrqMode         rtx_thread.o
    0x080086ae   0x080086ae   0x00000010   Code   RO         2186    i.IsPrivileged      rtx_kernel.o
    0x080086be   0x080086be   0x00000002   PAD
    0x080086c0   0x080086c0   0x00000704   Code   RO          376    i.LCD               lcd.o
    0x08008dc4   0x08008dc4   0x000002a8   Code   RO          598    i.MacReceiver       mac_receiver.o
    0x0800906c   0x0800906c   0x000003d4   Code   RO          551    i.MacSender         mac_sender.o
    0x08009440   0x08009440   0x0000000a   Code   RO         2476    i.MemBlockPtr       rtx_memory.o
    0x0800944a   0x0800944a   0x00000034   Code   RO         2691    i.MessageQueueGet   rtx_msgqueue.o
    0x0800947e   0x0800947e   0x0000004c   Code   RO         2692    i.MessageQueuePut   rtx_msgqueue.o
    0x080094ca   0x080094ca   0x00000022   Code   RO         2693    i.MessageQueueRemove  rtx_msgqueue.o
    0x080094ec   0x080094ec   0x00000038   Code   RO        10335    i.MousePoll         ginput_mouse.o
    0x08009524   0x08009524   0x00000008   Code   RO         3695    i.OS_Tick_AcknowledgeIRQ  os_systick.o
    0x0800952c   0x0800952c   0x00000030   Code   RO         3697    i.OS_Tick_Enable    os_systick.o
    0x0800955c   0x0800955c   0x00000006   Code   RO         3700    i.OS_Tick_GetIRQn   os_systick.o
    0x08009562   0x08009562   0x00000002   PAD
    0x08009564   0x08009564   0x00000050   Code   RO         3703    i.OS_Tick_Setup     os_systick.o
    0x080095b4   0x080095b4   0x00000114   Code   RO          646    i.PhReceiver        phy_receiver.o
    0x080096c8   0x080096c8   0x00000070   Code   RO          680    i.PhSender          phy_sender.o
    0x08009738   0x08009738   0x00000002   Code   RO         9816    i.ROMClose          gfile_fs_rom.o
    0x0800973a   0x0800973a   0x00000014   Code   RO         9817    i.ROMEof            gfile_fs_rom.o
    0x0800974e   0x0800974e   0x00000014   Code   RO         9818    i.ROMExists         gfile_fs_rom.o
    0x08009762   0x08009762   0x00000016   Code   RO         9819    i.ROMFilesize       gfile_fs_rom.o
    0x08009778   0x08009778   0x00000030   Code   RO         9820    i.ROMFindFile       gfile_fs_rom.o
    0x080097a8   0x080097a8   0x00000008   Code   RO         9821    i.ROMGetsize        gfile_fs_rom.o
    0x080097b0   0x080097b0   0x00000018   Code   RO         9822    i.ROMOpen           gfile_fs_rom.o
    0x080097c8   0x080097c8   0x00000038   Code   RO         9823    i.ROMRead           gfile_fs_rom.o
    0x08009800   0x08009800   0x00000012   Code   RO         9824    i.ROMSetpos         gfile_fs_rom.o
    0x08009812   0x08009812   0x00000010   Code   RO        12485    i.RadioMouseDown    gwin_radio.o
    0x08009822   0x08009822   0x0000000c   Code   RO        12730    i.RedrawTimerFn     gwin_wm.o
    0x0800982e   0x0800982e   0x00000002   PAD
    0x08009830   0x08009830   0x00000010   Code   RO         3977    i.SAI2_A_DMA_Complete  sai_stm32f7xx.o
    0x08009840   0x08009840   0x00000010   Code   RO         3978    i.SAI2_B_DMA_Complete  sai_stm32f7xx.o
    0x08009850   0x08009850   0x0000001c   Code   RO         3979    i.SAI2_Control      sai_stm32f7xx.o
    0x0800986c   0x0800986c   0x00000010   Code   RO         3980    i.SAI2_GetCapabilities  sai_stm32f7xx.o
    0x0800987c   0x0800987c   0x00000010   Code   RO         3981    i.SAI2_GetRxCount   sai_stm32f7xx.o
    0x0800988c   0x0800988c   0x00000010   Code   RO         3982    i.SAI2_GetStatus    sai_stm32f7xx.o
    0x0800989c   0x0800989c   0x00000010   Code   RO         3983    i.SAI2_GetTxCount   sai_stm32f7xx.o
    0x080098ac   0x080098ac   0x00000010   Code   RO         3984    i.SAI2_IRQHandler   sai_stm32f7xx.o
    0x080098bc   0x080098bc   0x00000014   Code   RO         3985    i.SAI2_Initialize   sai_stm32f7xx.o
    0x080098d0   0x080098d0   0x00000014   Code   RO         3986    i.SAI2_PowerControl  sai_stm32f7xx.o
    0x080098e4   0x080098e4   0x00000018   Code   RO         3987    i.SAI2_Receive      sai_stm32f7xx.o
    0x080098fc   0x080098fc   0x00000018   Code   RO         3988    i.SAI2_Send         sai_stm32f7xx.o
    0x08009914   0x08009914   0x00000010   Code   RO         3989    i.SAI2_Uninitialize  sai_stm32f7xx.o
    0x08009924   0x08009924   0x000007f2   Code   RO         3990    i.SAI_Control       sai_stm32f7xx.o
    0x0800a116   0x0800a116   0x00000006   Code   RO         3991    i.SAI_GetCapabilities  sai_stm32f7xx.o
    0x0800a11c   0x0800a11c   0x00000024   Code   RO         3992    i.SAI_GetRxCount    sai_stm32f7xx.o
    0x0800a140   0x0800a140   0x00000044   Code   RO         3993    i.SAI_GetStatus     sai_stm32f7xx.o
    0x0800a184   0x0800a184   0x00000024   Code   RO         3994    i.SAI_GetTxCount    sai_stm32f7xx.o
    0x0800a1a8   0x0800a1a8   0x00000010   Code   RO         3995    i.SAI_GetVersion    sai_stm32f7xx.o
    0x0800a1b8   0x0800a1b8   0x00000208   Code   RO         3996    i.SAI_IRQHandler    sai_stm32f7xx.o
    0x0800a3c0   0x0800a3c0   0x000003b8   Code   RO         3997    i.SAI_Initialize    sai_stm32f7xx.o
    0x0800a778   0x0800a778   0x000002c0   Code   RO         3998    i.SAI_PowerControl  sai_stm32f7xx.o
    0x0800aa38   0x0800aa38   0x0000003e   Code   RO         3999    i.SAI_RX_DMA_Complete  sai_stm32f7xx.o
    0x0800aa76   0x0800aa76   0x00000112   Code   RO         4000    i.SAI_Receive       sai_stm32f7xx.o
    0x0800ab88   0x0800ab88   0x00000112   Code   RO         4001    i.SAI_Send          sai_stm32f7xx.o
    0x0800ac9a   0x0800ac9a   0x0000003e   Code   RO         4002    i.SAI_TX_DMA_Complete  sai_stm32f7xx.o
    0x0800acd8   0x0800acd8   0x000000dc   Code   RO         4003    i.SAI_Uninitialize  sai_stm32f7xx.o
    0x0800adb4   0x0800adb4   0x00000082   Code   RO         5509    i.SPI_EndRxTransaction  stm32f7xx_hal_spi.o
    0x0800ae36   0x0800ae36   0x00000064   Code   RO         5510    i.SPI_EndRxTxTransaction  stm32f7xx_hal_spi.o
    0x0800ae9a   0x0800ae9a   0x000000aa   Code   RO         5517    i.SPI_WaitFifoStateUntilTimeout  stm32f7xx_hal_spi.o
    0x0800af44   0x0800af44   0x000000a8   Code   RO         5518    i.SPI_WaitFlagStateUntilTimeout  stm32f7xx_hal_spi.o
    0x0800afec   0x0800afec   0x00000838   Code   RO         6469    i.ScanCodeAnalyse   ext_keyboard.o
    0x0800b824   0x0800b824   0x00000018   Code   RO         2982    i.SemaphoreTokenDecrement  rtx_semaphore.o
    0x0800b83c   0x0800b83c   0x0000001e   Code   RO         2983    i.SemaphoreTokenIncrement  rtx_semaphore.o
    0x0800b85a   0x0800b85a   0x00000002   PAD
    0x0800b85c   0x0800b85c   0x00000054   Code   RO        12117    i.SendCheckboxEvent  gwin_checkbox.o
    0x0800b8b0   0x0800b8b0   0x000000d4   Code   RO        10336    i.SendMouseEvent    ginput_mouse.o
    0x0800b984   0x0800b984   0x00000040   Code   RO        12486    i.SendRadioEvent    gwin_radio.o
    0x0800b9c4   0x0800b9c4   0x00000080   Code   RO            8    i.SystemClock_Config  main.o
    0x0800ba44   0x0800ba44   0x00000064   Code   RO         6397    i.SystemInit        system_stm32f7xx.o
    0x0800baa8   0x0800baa8   0x00000056   Code   RO         3154    i.ThreadFlagsCheck  rtx_thread.o
    0x0800bafe   0x0800bafe   0x00000002   PAD
    0x0800bb00   0x0800bb00   0x00000060   Code   RO          527    i.TimeReceiver      time_receiver.o
    0x0800bb60   0x0800bb60   0x000000d4   Code   RO          499    i.TimeSender        time_sender.o
    0x0800bc34   0x0800bc34   0x00000040   Code   RO         3571    i.TimerInsert       rtx_timer.o
    0x0800bc74   0x0800bc74   0x00000018   Code   RO         3573    i.TimerUnlink       rtx_timer.o
    0x0800bc8c   0x0800bc8c   0x00000184   Code   RO          410    i.Touch             touch.o
    0x0800be10   0x0800be10   0x000000f8   Code   RO         5872    i.UART_AdvFeatureConfig  stm32f7xx_hal_uart.o
    0x0800bf08   0x0800bf08   0x00000048   Code   RO         5873    i.UART_CheckIdleState  stm32f7xx_hal_uart.o
    0x0800bf50   0x0800bf50   0x00000018   Code   RO         5874    i.UART_DMAAbortOnError  stm32f7xx_hal_uart.o
    0x0800bf68   0x0800bf68   0x00000022   Code   RO         5884    i.UART_EndRxTransfer  stm32f7xx_hal_uart.o
    0x0800bf8a   0x0800bf8a   0x00000020   Code   RO         5885    i.UART_EndTransmit_IT  stm32f7xx_hal_uart.o
    0x0800bfaa   0x0800bfaa   0x0000006c   Code   RO         5887    i.UART_RxISR_16BIT  stm32f7xx_hal_uart.o
    0x0800c016   0x0800c016   0x00000068   Code   RO         5888    i.UART_RxISR_8BIT   stm32f7xx_hal_uart.o
    0x0800c07e   0x0800c07e   0x00000002   PAD
    0x0800c080   0x0800c080   0x000003a8   Code   RO         5889    i.UART_SetConfig    stm32f7xx_hal_uart.o
    0x0800c428   0x0800c428   0x000000b4   Code   RO         5892    i.UART_WaitOnFlagUntilTimeout  stm32f7xx_hal_uart.o
    0x0800c4dc   0x0800c4dc   0x00000010   Code   RO         6576    i.USART6_IRQHandler  ext_uart.o
    0x0800c4ec   0x0800c4ec   0x00000040   Code   RO        12731    i.WM_Add            gwin_wm.o
    0x0800c52c   0x0800c52c   0x00000002   Code   RO        12732    i.WM_DeInit         gwin_wm.o
    0x0800c52e   0x0800c52e   0x00000002   PAD
    0x0800c530   0x0800c530   0x00000028   Code   RO        12733    i.WM_Delete         gwin_wm.o
    0x0800c558   0x0800c558   0x00000002   Code   RO        12734    i.WM_Init           gwin_wm.o
    0x0800c55a   0x0800c55a   0x00000002   Code   RO        12735    i.WM_MinMax         gwin_wm.o
    0x0800c55c   0x0800c55c   0x000001f2   Code   RO        12736    i.WM_Move           gwin_wm.o
    0x0800c74e   0x0800c74e   0x00000002   PAD
    0x0800c750   0x0800c750   0x0000009c   Code   RO        12737    i.WM_Raise          gwin_wm.o
    0x0800c7ec   0x0800c7ec   0x00000178   Code   RO        12738    i.WM_Redraw         gwin_wm.o
    0x0800c964   0x0800c964   0x000001a4   Code   RO        12739    i.WM_Size           gwin_wm.o
    0x0800cb08   0x0800cb08   0x00000074   Code   RO         6619    i._FMC_SDRAM_Init   stm32f746g_discovery_sdram.o
    0x0800cb7c   0x0800cb7c   0x0000000e   Code   RO         6620    i._FMC_SDRAM_ProgramRefreshRate  stm32f746g_discovery_sdram.o
    0x0800cb8a   0x0800cb8a   0x00000056   Code   RO         6621    i._FMC_SDRAM_SendCommand  stm32f746g_discovery_sdram.o
    0x0800cbe0   0x0800cbe0   0x00000098   Code   RO         6622    i._FMC_SDRAM_Timing_Init  stm32f746g_discovery_sdram.o
    0x0800cc78   0x0800cc78   0x00000f5c   Code   RO         6623    i._HAL_DMA_DeInit   stm32f746g_discovery_sdram.o
    0x0800dbd4   0x0800dbd4   0x00000078   Code   RO         6624    i._HAL_DMA_Init     stm32f746g_discovery_sdram.o
    0x0800dc4c   0x0800dc4c   0x00000038   Code   RO         6625    i._HAL_SDRAM_Init   stm32f746g_discovery_sdram.o
    0x0800dc84   0x0800dc84   0x00000028   Code   RO         6626    i._HAL_SDRAM_ProgramRefreshRate  stm32f746g_discovery_sdram.o
    0x0800dcac   0x0800dcac   0x0000003a   Code   RO         6627    i._HAL_SDRAM_SendCommand  stm32f746g_discovery_sdram.o
    0x0800dce6   0x0800dce6   0x00000002   PAD
    0x0800dce8   0x0800dce8   0x0000001c   Code   RO         4004    i.__NVIC_ClearPendingIRQ  sai_stm32f7xx.o
    0x0800dd04   0x0800dd04   0x00000022   Code   RO         4005    i.__NVIC_EnableIRQ  sai_stm32f7xx.o
    0x0800dd26   0x0800dd26   0x00000002   PAD
    0x0800dd28   0x0800dd28   0x00000010   Code   RO         4590    i.__NVIC_GetPriorityGrouping  stm32f7xx_hal_cortex.o
    0x0800dd38   0x0800dd38   0x00000028   Code   RO         4591    i.__NVIC_SetPriority  stm32f7xx_hal_cortex.o
    0x0800dd60   0x0800dd60   0x00000058   Code   RO         2400    i.__user_perthread_libspace  rtx_lib.o
    0x0800ddb8   0x0800ddb8   0x00000828   Code   RO          919    i._createPageaddressSelectDisplay  gui.o
    0x0800e5e0   0x0800e5e0   0x000008e4   Code   RO          920    i._createPageconfigDisplay  gui.o
    0x0800eec4   0x0800eec4   0x00000400   Code   RO          921    i._createPagemainDisplay  gui.o
    0x0800f2c4   0x0800f2c4   0x000002ac   Code   RO          922    i._createPagestartup  gui.o
    0x0800f570   0x0800f570   0x0000002c   Code   RO        12239    i._gcontainerCreate  gwin_container.o
    0x0800f59c   0x0800f59c   0x0000001e   Code   RO        12241    i._gcontainerDestroy  gwin_container.o
    0x0800f5ba   0x0800f5ba   0x00000002   Code   RO        12242    i._gcontainerInit   gwin_container.o
    0x0800f5bc   0x0800f5bc   0x00000044   Code   RO         7488    i._gdispDeInitDriver  gdisp.o
    0x0800f600   0x0800f600   0x0000002c   Code   RO         7490    i._gdispInit        gdisp.o
    0x0800f62c   0x0800f62c   0x0000003e   Code   RO         7491    i._gdispInitDriver  gdisp.o
    0x0800f66a   0x0800f66a   0x00000002   PAD
    0x0800f66c   0x0800f66c   0x00000040   Code   RO         7492    i._gdispPostInitDriver  gdisp.o
    0x0800f6ac   0x0800f6ac   0x00000002   Code   RO         8961    i._gdriverInit      gdriver.o
    0x0800f6ae   0x0800f6ae   0x00000002   PAD
    0x0800f6b0   0x0800f6b0   0x00000010   Code   RO         9194    i._geventInit       gevent.o
    0x0800f6c0   0x0800f6c0   0x000000f8   Code   RO         9459    i._gfileFindSlot    gfile.o
    0x0800f7b8   0x0800f7b8   0x00000002   Code   RO         9460    i._gfileInit        gfile.o
    0x0800f7ba   0x0800f7ba   0x00000008   Code   RO        10125    i._ginputInit       ginput.o
    0x0800f7c2   0x0800f7c2   0x00000002   Code   RO        10337    i._gmouseDeInitDriver  ginput_mouse.o
    0x0800f7c4   0x0800f7c4   0x00000020   Code   RO        10339    i._gmouseInit       ginput_mouse.o
    0x0800f7e4   0x0800f7e4   0x00000054   Code   RO        10340    i._gmouseInitDriver  ginput_mouse.o
    0x0800f838   0x0800f838   0x0000003c   Code   RO        10341    i._gmousePostInitDriver  ginput_mouse.o
    0x0800f874   0x0800f874   0x00000014   Code   RO        10940    i._gosHeapInit      gos_x_heap.o
    0x0800f888   0x0800f888   0x00000008   Code   RO        10839    i._gosInit          gos_cmsis2.o
    0x0800f890   0x0800f890   0x00000002   Code   RO        10840    i._gosPostInit      gos_cmsis2.o
    0x0800f892   0x0800f892   0x00000002   Code   RO        10992    i._gqueueInit       gqueue.o
    0x0800f894   0x0800f894   0x00000030   Code   RO        11263    i._gtimerInit       gtimer.o
    0x0800f8c4   0x0800f8c4   0x00000074   Code   RO        12569    i._gwidgetCreate    gwin_widget.o
    0x0800f938   0x0800f938   0x0000002a   Code   RO        12571    i._gwidgetDestroy   gwin_widget.o
    0x0800f962   0x0800f962   0x00000002   PAD
    0x0800f964   0x0800f964   0x00000030   Code   RO        12572    i._gwidgetInit      gwin_widget.o
    0x0800f994   0x0800f994   0x0000001a   Code   RO        12573    i._gwidgetRedraw    gwin_widget.o
    0x0800f9ae   0x0800f9ae   0x00000002   PAD
    0x0800f9b0   0x0800f9b0   0x00000068   Code   RO        11683    i._gwinDestroy      gwin.o
    0x0800fa18   0x0800fa18   0x00000038   Code   RO        12740    i._gwinDrawEnd      gwin_wm.o
    0x0800fa50   0x0800fa50   0x0000004c   Code   RO        12741    i._gwinDrawStart    gwin_wm.o
    0x0800fa9c   0x0800fa9c   0x0000014c   Code   RO        12742    i._gwinFlushRedraws  gwin_wm.o
    0x0800fbe8   0x0800fbe8   0x00000010   Code   RO        11684    i._gwinInit         gwin.o
    0x0800fbf8   0x0800fbf8   0x000000a4   Code   RO        12743    i._gwinRippleVisibility  gwin_wm.o
    0x0800fc9c   0x0800fc9c   0x00000048   Code   RO        12574    i._gwinSendEvent    gwin_widget.o
    0x0800fce4   0x0800fce4   0x00000034   Code   RO        12744    i._gwinUpdate       gwin_wm.o
    0x0800fd18   0x0800fd18   0x00000058   Code   RO        12745    i._gwinWMAdd        gwin_wm.o
    0x0800fd70   0x0800fd70   0x00000084   Code   RO        11685    i._gwindowCreate    gwin.o
    0x0800fdf4   0x0800fdf4   0x00000054   Code   RO        12747    i._gwmInit          gwin_wm.o
    0x0800fe48   0x0800fe48   0x0000000e   Code   RO        12966    i._is_digit         c_w.l(__printf_wp.o)
    0x0800fe56   0x0800fe56   0x00000002   PAD
    0x0800fe58   0x0800fe58   0x00000138   Code   RO         6933    i._ltdc_init        gdisp_lld_stm32ltdc.o
    0x0800ff90   0x0800ff90   0x000000f4   Code   RO         6934    i._ltdc_layer_init  gdisp_lld_stm32ltdc.o
    0x08010084   0x08010084   0x00000028   Code   RO         6935    i._ltdc_reload      gdisp_lld_stm32ltdc.o
    0x080100ac   0x080100ac   0x00000016   Code   RO         2401    i._mutex_acquire    rtx_lib.o
    0x080100c2   0x080100c2   0x0000000c   Code   RO         2402    i._mutex_free       rtx_lib.o
    0x080100ce   0x080100ce   0x00000022   Code   RO         2403    i._mutex_initialize  rtx_lib.o
    0x080100f0   0x080100f0   0x00000012   Code   RO         2404    i._mutex_release    rtx_lib.o
    0x08010102   0x08010102   0x00000008   Code   RO         2405    i._platform_post_stackheap_init  rtx_lib.o
    0x0801010a   0x0801010a   0x00000026   Code   RO         4291    i._sys_close        retarget_io.o
    0x08010130   0x08010130   0x00000024   Code   RO         4292    i._sys_flen         retarget_io.o
    0x08010154   0x08010154   0x00000024   Code   RO         4293    i._sys_istty        retarget_io.o
    0x08010178   0x08010178   0x00000068   Code   RO         4294    i._sys_open         retarget_io.o
    0x080101e0   0x080101e0   0x0000002c   Code   RO         4296    i._sys_seek         retarget_io.o
    0x0801020c   0x0801020c   0x00000046   Code   RO         4297    i._sys_write        retarget_io.o
    0x08010252   0x08010252   0x00000048   Code   RO         8915    i.append_char       mf_wordwrap.o
    0x0801029a   0x0801029a   0x0000006e   Code   RO         8916    i.append_word       mf_wordwrap.o
    0x08010308   0x08010308   0x00000012   Code   RO          552    i.assignQueue       mac_sender.o
    0x0801031a   0x0801031a   0x0000000e   Code   RO         8783    i.avg16             mf_kerning.o
    0x08010328   0x08010328   0x00000040   Code   RO          923    i.background_Display_Background  gui.o
    0x08010368   0x08010368   0x00000040   Code   RO          924    i.background_gray   gui.o
    0x080103a8   0x080103a8   0x00000032   Code   RO          599    i.checkChecksum     mac_receiver.o
    0x080103da   0x080103da   0x00000002   PAD
    0x080103dc   0x080103dc   0x000001f4   Code   RO         6936    i.configureLcdPins  gdisp_lld_stm32ltdc.o
    0x080105d0   0x080105d0   0x00000042   Code   RO         4183    i.crc16_ccitt       eventrecorder.o
    0x08010612   0x08010612   0x00000002   PAD
    0x08010614   0x08010614   0x00000038   Code   RO         9195    i.deleteAssignments  gevent.o
    0x0801064c   0x0801064c   0x00000020   Code   RO         6937    i.dma2d_init        gdisp_lld_stm32ltdc.o
    0x0801066c   0x0801066c   0x0000001a   Code   RO         9196    i.doExitEvent       gevent.o
    0x08010686   0x08010686   0x00000026   Code   RO         8784    i.do_kerning        mf_kerning.o
    0x080106ac   0x080106ac   0x00000028   Code   RO         7493    i.drawcharglyph     gdisp.o
    0x080106d4   0x080106d4   0x000000b0   Code   RO         7494    i.drawcharline      gdisp.o
    0x08010784   0x08010784   0x0000005c   Code   RO         7495    i.drawpixel         gdisp.o
    0x080107e0   0x080107e0   0x00000046   Code   RO         7496    i.drawpixel_clip    gdisp.o
    0x08010826   0x08010826   0x000000d4   Code   RO         7497    i.fillarea          gdisp.o
    0x080108fa   0x080108fa   0x00000002   PAD
    0x080108fc   0x080108fc   0x00000028   Code   RO         7498    i.fillcharglyph     gdisp.o
    0x08010924   0x08010924   0x00000090   Code   RO         7499    i.fillcharline      gdisp.o
    0x080109b4   0x080109b4   0x0000002e   Code   RO         8820    i.fillentry_bitcount  mf_rlefont.o
    0x080109e2   0x080109e2   0x0000003c   Code   RO         8821    i.find_glyph        mf_rlefont.o
    0x08010a1e   0x08010a1e   0x00000022   Code   RO         8785    i.fit_leftedge      mf_kerning.o
    0x08010a40   0x08010a40   0x00000026   Code   RO         8786    i.fit_rightedge     mf_kerning.o
    0x08010a66   0x08010a66   0x0000001a   Code   RO        13029    i.fputc             c_w.l(fputc.o)
    0x08010a80   0x08010a80   0x00000038   Code   RO         7068    i.ft5336Init        gmouse_lld_ft5336.o
    0x08010ab8   0x08010ab8   0x0000003c   Code   RO         7069    i.ft5336ReadXYZ     gmouse_lld_ft5336.o
    0x08010af4   0x08010af4   0x0000006c   Code   RO         7500    i.gdispBlendColor   gdisp.o
    0x08010b60   0x08010b60   0x00000294   Code   RO         7502    i.gdispGBlitArea    gdisp.o
    0x08010df4   0x08010df4   0x000000ea   Code   RO         7503    i.gdispGClear       gdisp.o
    0x08010ede   0x08010ede   0x000000a6   Code   RO         7504    i.gdispGControl     gdisp.o
    0x08010f84   0x08010f84   0x000000ca   Code   RO         7505    i.gdispGDrawBox     gdisp.o
    0x0801104e   0x0801104e   0x00000002   PAD
    0x08011050   0x08011050   0x00000088   Code   RO         7506    i.gdispGDrawChar    gdisp.o
    0x080110d8   0x080110d8   0x000001b0   Code   RO         7507    i.gdispGDrawCircle  gdisp.o
    0x08011288   0x08011288   0x00000050   Code   RO         7508    i.gdispGDrawLine    gdisp.o
    0x080112d8   0x080112d8   0x00000044   Code   RO         7509    i.gdispGDrawPixel   gdisp.o
    0x0801131c   0x0801131c   0x00000174   Code   RO         7511    i.gdispGDrawStringBox  gdisp.o
    0x08011490   0x08011490   0x000000c4   Code   RO         7512    i.gdispGFillArea    gdisp.o
    0x08011554   0x08011554   0x00000154   Code   RO         7514    i.gdispGFillCircle  gdisp.o
    0x080116a8   0x080116a8   0x00000214   Code   RO         7516    i.gdispGFillStringBox  gdisp.o
    0x080118bc   0x080118bc   0x00000024   Code   RO         7517    i.gdispGFlush       gdisp.o
    0x080118e0   0x080118e0   0x00000008   Code   RO         7520    i.gdispGGetHeight   gdisp.o
    0x080118e8   0x080118e8   0x00000006   Code   RO         7521    i.gdispGGetOrientation  gdisp.o
    0x080118ee   0x080118ee   0x00000008   Code   RO         7524    i.gdispGGetWidth    gdisp.o
    0x080118f6   0x080118f6   0x00000096   Code   RO         8087    i.gdispGImageDraw   gdisp_image.o
    0x0801198c   0x0801198c   0x00000262   Code   RO         8217    i.gdispGImageDraw_BMP  gdisp_image_bmp.o
    0x08011bee   0x08011bee   0x000000ac   Code   RO         7525    i.gdispGSetClip     gdisp.o
    0x08011c9a   0x08011c9a   0x00000016   Code   RO         7526    i.gdispGetCharWidth  gdisp.o
    0x08011cb0   0x08011cb0   0x00000042   Code   RO         7529    i.gdispGetFontMetric  gdisp.o
    0x08011cf2   0x08011cf2   0x00000012   Code   RO         7530    i.gdispGetStringWidth  gdisp.o
    0x08011d04   0x08011d04   0x0000001e   Code   RO         7531    i.gdispGetStringWidthCount  gdisp.o
    0x08011d22   0x08011d22   0x00000006   Code   RO         8218    i.gdispImageAdjustPalette_BMP  gdisp_image_bmp.o
    0x08011d28   0x08011d28   0x0000000e   Code   RO         8089    i.gdispImageAlloc   gdisp_image.o
    0x08011d36   0x08011d36   0x0000011a   Code   RO         8219    i.gdispImageCache_BMP  gdisp_image_bmp.o
    0x08011e50   0x08011e50   0x00000028   Code   RO         8091    i.gdispImageClose   gdisp_image.o
    0x08011e78   0x08011e78   0x0000003e   Code   RO         8220    i.gdispImageClose_BMP  gdisp_image_bmp.o
    0x08011eb6   0x08011eb6   0x00000010   Code   RO         8092    i.gdispImageFree    gdisp_image.o
    0x08011ec6   0x08011ec6   0x00000006   Code   RO         8221    i.gdispImageGetPaletteSize_BMP  gdisp_image_bmp.o
    0x08011ecc   0x08011ecc   0x00000006   Code   RO         8222    i.gdispImageGetPalette_BMP  gdisp_image_bmp.o
    0x08011ed2   0x08011ed2   0x00000006   Code   RO         8095    i.gdispImageInit    gdisp_image.o
    0x08011ed8   0x08011ed8   0x00000014   Code   RO         8096    i.gdispImageIsOpen  gdisp_image.o
    0x08011eec   0x08011eec   0x00000008   Code   RO         8223    i.gdispImageNext_BMP  gdisp_image_bmp.o
    0x08011ef4   0x08011ef4   0x0000007c   Code   RO         8098    i.gdispImageOpenGFile  gdisp_image.o
    0x08011f70   0x08011f70   0x0000026e   Code   RO         8224    i.gdispImageOpen_BMP  gdisp_image_bmp.o
    0x080121de   0x080121de   0x0000000a   Code   RO         8099    i.gdispImageSetBgColor  gdisp_image.o
    0x080121e8   0x080121e8   0x00000058   Code   RO         8006    i.gdispOpenFont     gdisp_fonts.o
    0x08012240   0x08012240   0x0000009c   Code   RO         6938    i.gdisp_lld_control  gdisp_lld_stm32ltdc.o
    0x080122dc   0x080122dc   0x000000cc   Code   RO         6939    i.gdisp_lld_draw_pixel  gdisp_lld_stm32ltdc.o
    0x080123a8   0x080123a8   0x0000017c   Code   RO         6940    i.gdisp_lld_fill_area  gdisp_lld_stm32ltdc.o
    0x08012524   0x08012524   0x000000c4   Code   RO         6941    i.gdisp_lld_get_pixel_color  gdisp_lld_stm32ltdc.o
    0x080125e8   0x080125e8   0x0000010c   Code   RO         6942    i.gdisp_lld_init    gdisp_lld_stm32ltdc.o
    0x080126f4   0x080126f4   0x00000030   Code   RO         8963    i.gdriverGetInstance  gdriver.o
    0x08012724   0x08012724   0x00000024   Code   RO         8964    i.gdriverGetNext    gdriver.o
    0x08012748   0x08012748   0x00000094   Code   RO         8966    i.gdriverRegister   gdriver.o
    0x080127dc   0x080127dc   0x00000024   Code   RO        12070    i.getButtonColors   gwin_button.o
    0x08012800   0x08012800   0x00000024   Code   RO        12118    i.getCheckboxColors  gwin_checkbox.o
    0x08012824   0x08012824   0x00000024   Code   RO        12487    i.getDrawColors     gwin_radio.o
    0x08012848   0x08012848   0x0000036c   Code   RO         8225    i.getPixels         gdisp_image_bmp.o
    0x08012bb4   0x08012bb4   0x000000c2   Code   RO         8917    i.get_wordlen       mf_wordwrap.o
    0x08012c76   0x08012c76   0x00000012   Code   RO        12419    i.getheight         gwin_label.o
    0x08012c88   0x08012c88   0x00000016   Code   RO        12420    i.getwidth          gwin_label.o
    0x08012c9e   0x08012c9e   0x00000002   PAD
    0x08012ca0   0x08012ca0   0x00000080   Code   RO         9197    i.geventAttachSource  gevent.o
    0x08012d20   0x08012d20   0x00000028   Code   RO         9199    i.geventDetachSourceListeners  gevent.o
    0x08012d48   0x08012d48   0x0000002a   Code   RO         9201    i.geventEventWait   gevent.o
    0x08012d72   0x08012d72   0x00000002   PAD
    0x08012d74   0x08012d74   0x00000044   Code   RO         9202    i.geventGetEventBuffer  gevent.o
    0x08012db8   0x08012db8   0x00000074   Code   RO         9203    i.geventGetSourceListener  gevent.o
    0x08012e2c   0x08012e2c   0x0000001a   Code   RO         9204    i.geventListenerInit  gevent.o
    0x08012e46   0x08012e46   0x00000002   PAD
    0x08012e48   0x08012e48   0x00000038   Code   RO         9205    i.geventRegisterCallback  gevent.o
    0x08012e80   0x08012e80   0x00000050   Code   RO         9206    i.geventSendEvent   gevent.o
    0x08012ed0   0x08012ed0   0x00000026   Code   RO         9461    i.gfileClose        gfile.o
    0x08012ef6   0x08012ef6   0x00000014   Code   RO         9466    i.gfileGetPos       gfile.o
    0x08012f0a   0x08012f0a   0x00000002   PAD
    0x08012f0c   0x08012f0c   0x0000003c   Code   RO         9469    i.gfileOpen         gfile.o
    0x08012f48   0x08012f48   0x00000042   Code   RO         9470    i.gfileRead         gfile.o
    0x08012f8a   0x08012f8a   0x00000030   Code   RO         9472    i.gfileSetPos       gfile.o
    0x08012fba   0x08012fba   0x00000018   Code   RO        10941    i.gfxAddHeapBlock   gos_x_heap.o
    0x08012fd2   0x08012fd2   0x00000002   PAD
    0x08012fd4   0x08012fd4   0x00000060   Code   RO        10942    i.gfxAlloc          gos_x_heap.o
    0x08013034   0x08013034   0x00000084   Code   RO        10943    i.gfxFree           gos_x_heap.o
    0x080130b8   0x080130b8   0x00000040   Code   RO         9931    i.gfxInit           gfx.o
    0x080130f8   0x080130f8   0x0000000e   Code   RO        10841    i.gfxMutexInit      gos_cmsis2.o
    0x08013106   0x08013106   0x00000008   Code   RO        10995    i.gfxQueueASyncInit  gqueue.o
    0x0801310e   0x0801310e   0x00000018   Code   RO        11002    i.gfxQueueASyncPut  gqueue.o
    0x08013126   0x08013126   0x0000001c   Code   RO        11003    i.gfxQueueASyncPutI  gqueue.o
    0x08013142   0x08013142   0x00000018   Code   RO        11004    i.gfxQueueASyncRemove  gqueue.o
    0x0801315a   0x0801315a   0x00000042   Code   RO        11005    i.gfxQueueASyncRemoveI  gqueue.o
    0x0801319c   0x0801319c   0x00000016   Code   RO        10842    i.gfxSemInit        gos_cmsis2.o
    0x080131b2   0x080131b2   0x00000026   Code   RO        10843    i.gfxSemWait        gos_cmsis2.o
    0x080131d8   0x080131d8   0x00000040   Code   RO        10844    i.gfxThreadCreate   gos_cmsis2.o
    0x08013218   0x08013218   0x0000001c   Code   RO        10344    i.ginputGetMouse    ginput_mouse.o
    0x08013234   0x08013234   0x00000010   Code   RO         1054    i.gstudioGetFont    resources_manager.o
    0x08013244   0x08013244   0x00000010   Code   RO         1049    i.gstudioGetImage   resources_manager.o
    0x08013254   0x08013254   0x00000010   Code   RO         1044    i.gstudioGetImageFilePath  resources_manager.o
    0x08013264   0x08013264   0x00000006   Code   RO        11265    i.gtimerInit        gtimer.o
    0x0801326a   0x0801326a   0x0000001c   Code   RO        11266    i.gtimerIsActive    gtimer.o
    0x08013286   0x08013286   0x00000002   PAD
    0x08013288   0x08013288   0x00000034   Code   RO        11267    i.gtimerJab         gtimer.o
    0x080132bc   0x080132bc   0x00000108   Code   RO        11269    i.gtimerStart       gtimer.o
    0x080133c4   0x080133c4   0x0000002c   Code   RO          925    i.guiInit           gui.o
    0x080133f0   0x080133f0   0x000000b4   Code   RO         1031    i.guiResourcesManagerInit  resources_manager.o
    0x080134a4   0x080134a4   0x00000084   Code   RO          926    i.guiShowPage       gui.o
    0x08013528   0x08013528   0x0000014a   Code   RO        12575    i.gwidgetEvent      gwin_widget.o
    0x08013672   0x08013672   0x00000002   PAD
    0x08013674   0x08013674   0x00000014   Code   RO        12576    i.gwinAttachListener  gwin_widget.o
    0x08013688   0x08013688   0x00000148   Code   RO        12072    i.gwinButtonDraw_Normal  gwin_button.o
    0x080137d0   0x080137d0   0x0000004c   Code   RO        12119    i.gwinCheckboxCheck  gwin_checkbox.o
    0x0801381c   0x0801381c   0x00000104   Code   RO        12121    i.gwinCheckboxDraw_CheckOnLeft  gwin_checkbox.o
    0x08013920   0x08013920   0x0000002c   Code   RO        12123    i.gwinCheckboxIsChecked  gwin_checkbox.o
    0x0801394c   0x0801394c   0x00000040   Code   RO        12244    i.gwinContainerDraw_Std  gwin_container.o
    0x0801398c   0x0801398c   0x0000004c   Code   RO        12245    i.gwinContainerDraw_Transparent  gwin_container.o
    0x080139d8   0x080139d8   0x0000000e   Code   RO        11689    i.gwinDestroy       gwin.o
    0x080139e6   0x080139e6   0x00000002   PAD
    0x080139e8   0x080139e8   0x0000002c   Code   RO        12074    i.gwinGButtonCreate  gwin_button.o
    0x08013a14   0x08013a14   0x0000002c   Code   RO        12124    i.gwinGCheckboxCreate  gwin_checkbox.o
    0x08013a40   0x08013a40   0x00000044   Code   RO        12180    i.gwinGConsoleCreate  gwin_console.o
    0x08013a84   0x08013a84   0x0000003c   Code   RO        12246    i.gwinGContainerCreate  gwin_container.o
    0x08013ac0   0x08013ac0   0x00000038   Code   RO        12372    i.gwinGImageCreate  gwin_image.o
    0x08013af8   0x08013af8   0x00000090   Code   RO        12421    i.gwinGLabelCreate  gwin_label.o
    0x08013b88   0x08013b88   0x00000034   Code   RO        12488    i.gwinGRadioCreate  gwin_radio.o
    0x08013bbc   0x08013bbc   0x0000000c   Code   RO        11705    i.gwinGetDefaultBgColor  gwin.o
    0x08013bc8   0x08013bc8   0x0000000c   Code   RO        11707    i.gwinGetDefaultFont  gwin.o
    0x08013bd4   0x08013bd4   0x00000028   Code   RO        12247    i.gwinGetFirstChild  gwin_container.o
    0x08013bfc   0x08013bfc   0x00000014   Code   RO        12749    i.gwinGetNextWindow  gwin_wm.o
    0x08013c10   0x08013c10   0x0000002a   Code   RO        12250    i.gwinGetSibling    gwin_container.o
    0x08013c3a   0x08013c3a   0x00000012   Code   RO        12580    i.gwinGetTag        gwin_widget.o
    0x08013c4c   0x08013c4c   0x00000048   Code   RO        12374    i.gwinImageOpenGFile  gwin_image.o
    0x08013c94   0x08013c94   0x0000012c   Code   RO        12422    i.gwinLabelDraw     gwin_label.o
    0x08013dc0   0x08013dc0   0x00000010   Code   RO        12424    i.gwinLabelDrawJustifiedLeft  gwin_label.o
    0x08013dd0   0x08013dd0   0x000002cc   Code   RO        12182    i.gwinPutChar       gwin_console.o
    0x0801409c   0x0801409c   0x0000001a   Code   RO        12184    i.gwinPutString     gwin_console.o
    0x080140b6   0x080140b6   0x00000002   PAD
    0x080140b8   0x080140b8   0x000000f8   Code   RO        12490    i.gwinRadioDraw_Radio  gwin_radio.o
    0x080141b0   0x080141b0   0x0000003c   Code   RO        12492    i.gwinRadioGetActive  gwin_radio.o
    0x080141ec   0x080141ec   0x0000004c   Code   RO        12494    i.gwinRadioPress    gwin_radio.o
    0x08014238   0x08014238   0x00000030   Code   RO        12752    i.gwinRedraw        gwin_wm.o
    0x08014268   0x08014268   0x00000020   Code   RO        12754    i.gwinResize        gwin_wm.o
    0x08014288   0x08014288   0x0000000c   Code   RO        11711    i.gwinSetDefaultBgColor  gwin.o
    0x08014294   0x08014294   0x0000000c   Code   RO        11713    i.gwinSetDefaultFont  gwin.o
    0x080142a0   0x080142a0   0x0000005c   Code   RO        12584    i.gwinSetDefaultStyle  gwin_widget.o
    0x080142fc   0x080142fc   0x00000004   Code   RO        11714    i.gwinSetFont       gwin.o
    0x08014300   0x08014300   0x00000038   Code   RO        12585    i.gwinSetStyle      gwin_widget.o
    0x08014338   0x08014338   0x0000007c   Code   RO        12587    i.gwinSetText       gwin_widget.o
    0x080143b4   0x080143b4   0x00000034   Code   RO        12757    i.gwinSetVisible    gwin_wm.o
    0x080143e8   0x080143e8   0x00000014   Code   RO        12588    i.gwinWidgetClearInit  gwin_widget.o
    0x080143fc   0x080143fc   0x00000142   Code   RO         7533    i.hline_clip        gdisp.o
    0x0801453e   0x0801453e   0x00000002   PAD
    0x08014540   0x08014540   0x00000048   Code   RO         6880    i.i2cInit           stm32f7_i2c.o
    0x08014588   0x08014588   0x0000008c   Code   RO         6881    i.i2cReadByte       stm32f7_i2c.o
    0x08014614   0x08014614   0x00000098   Code   RO         6882    i.i2cReadWord       stm32f7_i2c.o
    0x080146ac   0x080146ac   0x0000006c   Code   RO         6883    i.i2cWriteReg       stm32f7_i2c.o
    0x08014718   0x08014718   0x000000a0   Code   RO         7070    i.init_board        gmouse_lld_ft5336.o
    0x080147b8   0x080147b8   0x0000001e   Code   RO         8918    i.is_wrap_space     mf_wordwrap.o
    0x080147d6   0x080147d6   0x00000066   Code   RO         1167    i.isrRtxEventFlagsWait  rtx_evflags.o
    0x0801483c   0x0801483c   0x00000058   Code   RO         2529    i.isrRtxMemoryPoolFree  rtx_mempool.o
    0x08014894   0x08014894   0x00000082   Code   RO         2694    i.isrRtxMessageQueueGet  rtx_msgqueue.o
    0x08014916   0x08014916   0x00000086   Code   RO         2695    i.isrRtxMessageQueuePut  rtx_msgqueue.o
    0x0801499c   0x0801499c   0x00000034   Code   RO         3096    i.isr_queue_get     rtx_system.o
    0x080149d0   0x080149d0   0x0000003c   Code   RO         3097    i.isr_queue_put     rtx_system.o
    0x08014a0c   0x08014a0c   0x00000014   Code   RO         6520    i.lightness_to_pwm  ext_led.o
    0x08014a20   0x08014a20   0x00000122   Code   RO         7534    i.line_clip         gdisp.o
    0x08014b42   0x08014b42   0x00000002   PAD
    0x08014b44   0x08014b44   0x00000064   Code   RO          553    i.macError          mac_sender.o
    0x08014ba8   0x08014ba8   0x00000278   Code   RO            9    i.main              main.o
    0x08014e20   0x08014e20   0x0000009c   Code   RO          554    i.majTokenList      mac_sender.o
    0x08014ebc   0x08014ebc   0x0000004e   Code   RO         8008    i.matchfont         gdisp_fonts.o
    0x08014f0a   0x08014f0a   0x0000000e   Code   RO         8787    i.max16             mf_kerning.o
    0x08014f18   0x08014f18   0x00000020   Code   RO         8590    i.mf_character_width  mf_font.o
    0x08014f38   0x08014f38   0x00000124   Code   RO         8788    i.mf_compute_kerning  mf_kerning.o
    0x0801505c   0x0801505c   0x0000000e   Code   RO         7535    i.mf_countline_callback  gdisp.o
    0x0801506a   0x0801506a   0x00000002   PAD
    0x0801506c   0x0801506c   0x00000044   Code   RO         7536    i.mf_drawline_callback  gdisp.o
    0x080150b0   0x080150b0   0x00000044   Code   RO         7537    i.mf_fillline_callback  gdisp.o
    0x080150f4   0x080150f4   0x00000008   Code   RO         8592    i.mf_get_font_list  mf_font.o
    0x080150fc   0x080150fc   0x00000074   Code   RO         8725    i.mf_get_string_width  mf_justify.o
    0x08015170   0x08015170   0x00000088   Code   RO         8531    i.mf_getchar        mf_encoding.o
    0x080151f8   0x080151f8   0x0000007e   Code   RO         8726    i.mf_render_aligned  mf_justify.o
    0x08015276   0x08015276   0x00000040   Code   RO         8593    i.mf_render_character  mf_font.o
    0x080152b6   0x080152b6   0x00000026   Code   RO         8532    i.mf_rewind         mf_encoding.o
    0x080152dc   0x080152dc   0x0000001a   Code   RO         8822    i.mf_rlefont_character_width  mf_rlefont.o
    0x080152f6   0x080152f6   0x00000070   Code   RO         8823    i.mf_rlefont_render_character  mf_rlefont.o
    0x08015366   0x08015366   0x00000040   Code   RO         8728    i.mf_round_to_prev_tab  mf_justify.o
    0x080153a6   0x080153a6   0x00000040   Code   RO         8729    i.mf_round_to_tab   mf_justify.o
    0x080153e6   0x080153e6   0x00000020   Code   RO         8884    i.mf_scaled_character_width  mf_scaledfont.o
    0x08015406   0x08015406   0x00000002   PAD
    0x08015408   0x08015408   0x00000060   Code   RO         8885    i.mf_scaled_render_character  mf_scaledfont.o
    0x08015468   0x08015468   0x000000ec   Code   RO         8919    i.mf_wordwrap       mf_wordwrap.o
    0x08015554   0x08015554   0x0000003c   Code   RO         1080    i.osDelay           rtx_delay.o
    0x08015590   0x08015590   0x00000040   Code   RO         1168    i.osEventFlagsClear  rtx_evflags.o
    0x080155d0   0x080155d0   0x0000003c   Code   RO         1172    i.osEventFlagsNew   rtx_evflags.o
    0x0801560c   0x0801560c   0x00000084   Code   RO         1173    i.osEventFlagsSet   rtx_evflags.o
    0x08015690   0x08015690   0x00000054   Code   RO         1174    i.osEventFlagsWait  rtx_evflags.o
    0x080156e4   0x080156e4   0x00000030   Code   RO         2190    i.osKernelGetState  rtx_kernel.o
    0x08015714   0x08015714   0x0000002c   Code   RO         2193    i.osKernelGetTickCount  rtx_kernel.o
    0x08015740   0x08015740   0x0000002c   Code   RO         2194    i.osKernelGetTickFreq  rtx_kernel.o
    0x0801576c   0x0801576c   0x00000038   Code   RO         2195    i.osKernelInitialize  rtx_kernel.o
    0x080157a4   0x080157a4   0x00000034   Code   RO         2196    i.osKernelLock      rtx_kernel.o
    0x080157d8   0x080157d8   0x00000034   Code   RO         2199    i.osKernelStart     rtx_kernel.o
    0x0801580c   0x0801580c   0x00000034   Code   RO         2201    i.osKernelUnlock    rtx_kernel.o
    0x08015840   0x08015840   0x00000084   Code   RO         2530    i.osMemoryPoolAlloc  rtx_mempool.o
    0x080158c4   0x080158c4   0x00000040   Code   RO         2532    i.osMemoryPoolFree  rtx_mempool.o
    0x08015904   0x08015904   0x0000004c   Code   RO         2538    i.osMemoryPoolNew   rtx_mempool.o
    0x08015950   0x08015950   0x00000054   Code   RO         2697    i.osMessageQueueGet  rtx_msgqueue.o
    0x080159a4   0x080159a4   0x00000030   Code   RO         2702    i.osMessageQueueGetSpace  rtx_msgqueue.o
    0x080159d4   0x080159d4   0x0000004c   Code   RO         2703    i.osMessageQueueNew  rtx_msgqueue.o
    0x08015a20   0x08015a20   0x00000054   Code   RO         2704    i.osMessageQueuePut  rtx_msgqueue.o
    0x08015a74   0x08015a74   0x00000030   Code   RO         2869    i.osMutexAcquire    rtx_mutex.o
    0x08015aa4   0x08015aa4   0x0000002c   Code   RO         2870    i.osMutexDelete     rtx_mutex.o
    0x08015ad0   0x08015ad0   0x0000002c   Code   RO         2873    i.osMutexNew        rtx_mutex.o
    0x08015afc   0x08015afc   0x0000002c   Code   RO         2874    i.osMutexRelease    rtx_mutex.o
    0x08015b28   0x08015b28   0x00000020   Code   RO         3769    i.osRtxErrorNotify  rtx_config.o
    0x08015b48   0x08015b48   0x00000044   Code   RO         1175    i.osRtxEventFlagsPostProcess  rtx_evflags.o
    0x08015b8c   0x08015b8c   0x00000004   Code   RO         3770    i.osRtxIdleThread   rtx_config.o
    0x08015b90   0x08015b90   0x0000000c   Code   RO         3158    i.osRtxKernelGetState  rtx_thread.o
    0x08015b9c   0x08015b9c   0x00000002   Code   RO         2202    i.osRtxKernelPreInit  rtx_kernel.o
    0x08015b9e   0x08015b9e   0x000000ee   Code   RO         2477    i.osRtxMemoryAlloc  rtx_memory.o
    0x08015c8c   0x08015c8c   0x0000007c   Code   RO         2478    i.osRtxMemoryFree   rtx_memory.o
    0x08015d08   0x08015d08   0x0000006a   Code   RO         2479    i.osRtxMemoryInit   rtx_memory.o
    0x08015d72   0x08015d72   0x00000030   Code   RO         2539    i.osRtxMemoryPoolAlloc  rtx_mempool.o
    0x08015da2   0x08015da2   0x00000044   Code   RO         2540    i.osRtxMemoryPoolFree  rtx_mempool.o
    0x08015de6   0x08015de6   0x00000058   Code   RO         2541    i.osRtxMemoryPoolInit  rtx_mempool.o
    0x08015e3e   0x08015e3e   0x0000003a   Code   RO         2542    i.osRtxMemoryPoolPostProcess  rtx_mempool.o
    0x08015e78   0x08015e78   0x00000108   Code   RO         2706    i.osRtxMessageQueuePostProcess  rtx_msgqueue.o
    0x08015f80   0x08015f80   0x00000056   Code   RO         2875    i.osRtxMutexOwnerRelease  rtx_mutex.o
    0x08015fd6   0x08015fd6   0x00000050   Code   RO         2876    i.osRtxMutexOwnerRestore  rtx_mutex.o
    0x08016026   0x08016026   0x00000002   PAD
    0x08016028   0x08016028   0x00000088   Code   RO         3098    i.osRtxPendSV_Handler  rtx_system.o
    0x080160b0   0x080160b0   0x0000003c   Code   RO         3099    i.osRtxPostProcess  rtx_system.o
    0x080160ec   0x080160ec   0x0000002a   Code   RO         2984    i.osRtxSemaphorePostProcess  rtx_semaphore.o
    0x08016116   0x08016116   0x00000002   PAD
    0x08016118   0x08016118   0x00000040   Code   RO         3159    i.osRtxThreadBlock  rtx_thread.o
    0x08016158   0x08016158   0x00000068   Code   RO         3160    i.osRtxThreadDelayInsert  rtx_thread.o
    0x080161c0   0x080161c0   0x0000005c   Code   RO         3161    i.osRtxThreadDelayRemove  rtx_thread.o
    0x0801621c   0x0801621c   0x00000114   Code   RO         3162    i.osRtxThreadDelayTick  rtx_thread.o
    0x08016330   0x08016330   0x0000006c   Code   RO         3163    i.osRtxThreadDispatch  rtx_thread.o
    0x0801639c   0x0801639c   0x00000064   Code   RO         3164    i.osRtxThreadFree   rtx_thread.o
    0x08016400   0x08016400   0x0000000c   Code   RO         3165    i.osRtxThreadGetRunning  rtx_thread.o
    0x0801640c   0x0801640c   0x0000001a   Code   RO         3166    i.osRtxThreadListGet  rtx_thread.o
    0x08016426   0x08016426   0x0000002c   Code   RO         3167    i.osRtxThreadListPut  rtx_thread.o
    0x08016452   0x08016452   0x0000001a   Code   RO         3168    i.osRtxThreadListRemove  rtx_thread.o
    0x0801646c   0x0801646c   0x00000010   Code   RO         3169    i.osRtxThreadListRoot  rtx_thread.o
    0x0801647c   0x0801647c   0x0000002a   Code   RO         3170    i.osRtxThreadListSort  rtx_thread.o
    0x080164a6   0x080164a6   0x00000034   Code   RO         3172    i.osRtxThreadPostProcess  rtx_thread.o
    0x080164da   0x080164da   0x00000002   PAD
    0x080164dc   0x080164dc   0x00000018   Code   RO         3173    i.osRtxThreadReadyPut  rtx_thread.o
    0x080164f4   0x080164f4   0x00000018   Code   RO         3174    i.osRtxThreadRegPtr  rtx_thread.o
    0x0801650c   0x0801650c   0x0000000c   Code   RO         3175    i.osRtxThreadSetRunning  rtx_thread.o
    0x08016518   0x08016518   0x0000002c   Code   RO         3176    i.osRtxThreadStackCheck  rtx_thread.o
    0x08016544   0x08016544   0x0000004c   Code   RO         3177    i.osRtxThreadStartup  rtx_thread.o
    0x08016590   0x08016590   0x0000001c   Code   RO         3178    i.osRtxThreadSwitch  rtx_thread.o
    0x080165ac   0x080165ac   0x0000004c   Code   RO         3179    i.osRtxThreadWaitEnter  rtx_thread.o
    0x080165f8   0x080165f8   0x00000036   Code   RO         3180    i.osRtxThreadWaitExit  rtx_thread.o
    0x0801662e   0x0801662e   0x00000002   PAD
    0x08016630   0x08016630   0x000000a0   Code   RO         3100    i.osRtxTick_Handler  rtx_system.o
    0x080166d0   0x080166d0   0x00000050   Code   RO         3574    i.osRtxTimerThread  rtx_timer.o
    0x08016720   0x08016720   0x0000005c   Code   RO         3575    i.osRtxTimerTick    rtx_timer.o
    0x0801677c   0x0801677c   0x0000006c   Code   RO         2985    i.osSemaphoreAcquire  rtx_semaphore.o
    0x080167e8   0x080167e8   0x00000038   Code   RO         2989    i.osSemaphoreNew    rtx_semaphore.o
    0x08016820   0x08016820   0x00000064   Code   RO         2990    i.osSemaphoreRelease  rtx_semaphore.o
    0x08016884   0x08016884   0x00000020   Code   RO         3183    i.osThreadExit      rtx_thread.o
    0x080168a4   0x080168a4   0x0000002c   Code   RO         3189    i.osThreadGetId     rtx_thread.o
    0x080168d0   0x080168d0   0x0000004c   Code   RO         3196    i.osThreadNew       rtx_thread.o
    0x0801691c   0x0801691c   0x00000038   Code   RO         3201    i.osThreadYield     rtx_thread.o
    0x08016954   0x08016954   0x00000020   Code   RO         2406    i.os_kernel_is_active  rtx_lib.o
    0x08016974   0x08016974   0x00000018   Code   RO         7071    i.read_byte         gmouse_lld_ft5336.o
    0x0801698c   0x0801698c   0x00000018   Code   RO         7072    i.read_word         gmouse_lld_ft5336.o
    0x080169a4   0x080169a4   0x00000072   Code   RO         8730    i.render_left       mf_justify.o
    0x08016a16   0x08016a16   0x0000009a   Code   RO         8731    i.render_right      mf_justify.o
    0x08016ab0   0x08016ab0   0x0000005a   Code   RO         8886    i.scaled_pixel_callback  mf_scaledfont.o
    0x08016b0a   0x08016b0a   0x00000002   PAD
    0x08016b0c   0x08016b0c   0x0000004c   Code   RO          600    i.sendDataBack      mac_receiver.o
    0x08016b58   0x08016b58   0x0000004c   Code   RO          555    i.sendToPhy         mac_sender.o
    0x08016ba4   0x08016ba4   0x00000048   Code   RO          601    i.sendToPhy         mac_receiver.o
    0x08016bec   0x08016bec   0x00000048   Code   RO          602    i.sendToken         mac_receiver.o
    0x08016c34   0x08016c34   0x00000024   Code   RO         6943    i.set_backlight     gdisp_lld_stm32ltdc.o
    0x08016c58   0x08016c58   0x00000030   Code   RO         7538    i.setglobalwindow   gdisp.o
    0x08016c88   0x08016c88   0x0000002e   Code   RO         8824    i.skip_pixels       mf_rlefont.o
    0x08016cb6   0x08016cb6   0x00000008   Code   RO         8920    i.sq16              mf_wordwrap.o
    0x08016cbe   0x08016cbe   0x0000000c   Code   RO         4298    i.stdout_putchar    retarget_io.o
    0x08016cca   0x08016cca   0x00000060   Code   RO         8732    i.strip_spaces      mf_justify.o
    0x08016d2a   0x08016d2a   0x00000002   PAD
    0x08016d2c   0x08016d2c   0x0000002c   Code   RO         1082    i.svcRtxDelay       rtx_delay.o
    0x08016d58   0x08016d58   0x00000044   Code   RO         1176    i.svcRtxEventFlagsClear  rtx_evflags.o
    0x08016d9c   0x08016d9c   0x000000a4   Code   RO         1180    i.svcRtxEventFlagsNew  rtx_evflags.o
    0x08016e40   0x08016e40   0x0000009a   Code   RO         1181    i.svcRtxEventFlagsSet  rtx_evflags.o
    0x08016eda   0x08016eda   0x00000002   PAD
    0x08016edc   0x08016edc   0x000000ac   Code   RO         1182    i.svcRtxEventFlagsWait  rtx_evflags.o
    0x08016f88   0x08016f88   0x00000018   Code   RO         2204    i.svcRtxKernelGetState  rtx_kernel.o
    0x08016fa0   0x08016fa0   0x00000014   Code   RO         2207    i.svcRtxKernelGetTickCount  rtx_kernel.o
    0x08016fb4   0x08016fb4   0x00000014   Code   RO         2208    i.svcRtxKernelGetTickFreq  rtx_kernel.o
    0x08016fc8   0x08016fc8   0x00000224   Code   RO         2209    i.svcRtxKernelInitialize  rtx_kernel.o
    0x080171ec   0x080171ec   0x00000044   Code   RO         2210    i.svcRtxKernelLock  rtx_kernel.o
    0x08017230   0x08017230   0x000000d8   Code   RO         2213    i.svcRtxKernelStart  rtx_kernel.o
    0x08017308   0x08017308   0x00000044   Code   RO         2215    i.svcRtxKernelUnlock  rtx_kernel.o
    0x0801734c   0x0801734c   0x0000007c   Code   RO         2543    i.svcRtxMemoryPoolAlloc  rtx_mempool.o
    0x080173c8   0x080173c8   0x0000007c   Code   RO         2545    i.svcRtxMemoryPoolFree  rtx_mempool.o
    0x08017444   0x08017444   0x00000188   Code   RO         2551    i.svcRtxMemoryPoolNew  rtx_mempool.o
    0x080175cc   0x080175cc   0x00000138   Code   RO         2708    i.svcRtxMessageQueueGet  rtx_msgqueue.o
    0x08017704   0x08017704   0x00000032   Code   RO         2713    i.svcRtxMessageQueueGetSpace  rtx_msgqueue.o
    0x08017736   0x08017736   0x00000002   PAD
    0x08017738   0x08017738   0x00000194   Code   RO         2714    i.svcRtxMessageQueueNew  rtx_msgqueue.o
    0x080178cc   0x080178cc   0x00000128   Code   RO         2715    i.svcRtxMessageQueuePut  rtx_msgqueue.o
    0x080179f4   0x080179f4   0x000000c8   Code   RO         2877    i.svcRtxMutexAcquire  rtx_mutex.o
    0x08017abc   0x08017abc   0x000000d4   Code   RO         2878    i.svcRtxMutexDelete  rtx_mutex.o
    0x08017b90   0x08017b90   0x00000084   Code   RO         2881    i.svcRtxMutexNew    rtx_mutex.o
    0x08017c14   0x08017c14   0x000000d8   Code   RO         2882    i.svcRtxMutexRelease  rtx_mutex.o
    0x08017cec   0x08017cec   0x0000005c   Code   RO         2991    i.svcRtxSemaphoreAcquire  rtx_semaphore.o
    0x08017d48   0x08017d48   0x000000a0   Code   RO         2995    i.svcRtxSemaphoreNew  rtx_semaphore.o
    0x08017de8   0x08017de8   0x00000050   Code   RO         2996    i.svcRtxSemaphoreRelease  rtx_semaphore.o
    0x08017e38   0x08017e38   0x0000008c   Code   RO         3204    i.svcRtxThreadExit  rtx_thread.o
    0x08017ec4   0x08017ec4   0x00000012   Code   RO         3210    i.svcRtxThreadGetId  rtx_thread.o
    0x08017ed6   0x08017ed6   0x00000002   PAD
    0x08017ed8   0x08017ed8   0x00000278   Code   RO         3217    i.svcRtxThreadNew   rtx_thread.o
    0x08018150   0x08018150   0x00000044   Code   RO         3222    i.svcRtxThreadYield  rtx_thread.o
    0x08018194   0x08018194   0x00000050   Code   RO         9476    i.testopen          gfile.o
    0x080181e4   0x080181e4   0x000000c6   Code   RO         8921    i.tune_lines        mf_wordwrap.o
    0x080182aa   0x080182aa   0x00000142   Code   RO         7539    i.vline_clip        gdisp.o
    0x080183ec   0x080183ec   0x0000005c   Code   RO         8825    i.write_bin_codeword  mf_rlefont.o
    0x08018448   0x08018448   0x00000038   Code   RO         8826    i.write_glyph_codeword  mf_rlefont.o
    0x08018480   0x08018480   0x00000068   Code   RO         8827    i.write_pixels      mf_rlefont.o
    0x080184e8   0x080184e8   0x00000050   Code   RO         8828    i.write_ref_codeword  mf_rlefont.o
    0x08018538   0x08018538   0x00000040   Code   RO         8829    i.write_ref_dictentry  mf_rlefont.o
    0x08018578   0x08018578   0x0000001c   Code   RO         7073    i.write_reg         gmouse_lld_ft5336.o
    0x08018594   0x08018594   0x000000a4   Code   RO         8830    i.write_rle_dictentry  mf_rlefont.o
    0x08018638   0x08018638   0x0000000a   Code   RO        13261    x$fpl$fpinit        fz_wm.l(fpinit.o)
    0x08018642   0x08018642   0x00000002   PAD
    0x08018644   0x08018644   0x000002f4   Data   RO           11    .constdata          main.o
    0x08018938   0x08018938   0x00000038   Data   RO          927    .constdata          gui.o
    0x08018970   0x08018970   0x00000001   Data   RO         1069    .constdata          irq_cm4f.o
    0x08018971   0x08018971   0x00000003   PAD
    0x08018974   0x08018974   0x00000064   Data   RO         2413    .constdata          rtx_lib.o
    0x080189d8   0x080189d8   0x000000cc   Data   RO         3829    .constdata          i2c_stm32f7xx.o
    0x08018aa4   0x08018aa4   0x000000f8   Data   RO         4007    .constdata          sai_stm32f7xx.o
    0x08018b9c   0x08018b9c   0x00000018   Data   RO         4185    .constdata          eventrecorder.o
    0x08018bb4   0x08018bb4   0x00000017   Data   RO         4299    .constdata          retarget_io.o
    0x08018bcb   0x08018bcb   0x00000008   Data   RO         4727    .constdata          stm32f7xx_hal_dma.o
    0x08018bd3   0x08018bd3   0x00000018   Data   RO         6398    .constdata          system_stm32f7xx.o
    0x08018beb   0x08018beb   0x00000065   Data   RO         6521    .constdata          ext_led.o
    0x08018c50   0x08018c50   0x000000f8   Data   RO         6944    .constdata          gdisp_lld_stm32ltdc.o
    0x08018d48   0x08018d48   0x0000003c   Data   RO         7074    .constdata          gmouse_lld_ft5336.o
    0x08018d84   0x08018d84   0x00000004   Data   RO         7540    .constdata          gdisp.o
    0x08018d88   0x08018d88   0x00003c50   Data   RO         8595    .constdata          mf_font.o
    0x0801c9d8   0x0801c9d8   0x00006f68   Data   RO         9825    .constdata          gfile_fs_rom.o
    0x08023940   0x08023940   0x00000024   Data   RO        12075    .constdata          gwin_button.o
    0x08023964   0x08023964   0x00000024   Data   RO        12125    .constdata          gwin_checkbox.o
    0x08023988   0x08023988   0x00000014   Data   RO        12185    .constdata          gwin_console.o
    0x0802399c   0x0802399c   0x0000003c   Data   RO        12251    .constdata          gwin_container.o
    0x080239d8   0x080239d8   0x00000014   Data   RO        12375    .constdata          gwin_image.o
    0x080239ec   0x080239ec   0x00000024   Data   RO        12427    .constdata          gwin_label.o
    0x08023a10   0x08023a10   0x00000024   Data   RO        12495    .constdata          gwin_radio.o
    0x08023a34   0x08023a34   0x00000038   Data   RO        12590    .constdata          gwin_widget.o
    0x08023a6c   0x08023a6c   0x00000028   Data   RO        12760    .constdata          gwin_wm.o
    0x08023a94   0x08023a94   0x00000011   Data   RO        12969    .constdata          c_w.l(__printf_flags_wp.o)
    0x08023aa5   0x08023aa5   0x0000000c   Data   RO        13038    .constdata          c_w.l(_monlen.o)
    0x08023ab1   0x08023ab1   0x00000003   PAD
    0x08023ab4   0x08023ab4   0x000000c1   Data   RO           12    .conststring        main.o
    0x08023b75   0x08023b75   0x00000003   PAD
    0x08023b78   0x08023b78   0x000000b7   Data   RO         8596    .conststring        mf_font.o
    0x08023c2f   0x08023c2f   0x00000001   PAD
    0x08023c30   0x08023c30   0x00000018   Data   RO         9826    .conststring        gfile_fs_rom.o
    0x08023c48   0x08023c48   0x00000007   Data   RO        12076    .conststring        gwin_button.o
    0x08023c4f   0x08023c4f   0x00000001   PAD
    0x08023c50   0x08023c50   0x00000009   Data   RO        12126    .conststring        gwin_checkbox.o
    0x08023c59   0x08023c59   0x00000003   PAD
    0x08023c5c   0x08023c5c   0x00000008   Data   RO        12186    .conststring        gwin_console.o
    0x08023c64   0x08023c64   0x0000000a   Data   RO        12252    .conststring        gwin_container.o
    0x08023c6e   0x08023c6e   0x00000002   PAD
    0x08023c70   0x08023c70   0x00000006   Data   RO        12376    .conststring        gwin_image.o
    0x08023c76   0x08023c76   0x00000002   PAD
    0x08023c78   0x08023c78   0x00000006   Data   RO        12428    .conststring        gwin_label.o
    0x08023c7e   0x08023c7e   0x00000002   PAD
    0x08023c80   0x08023c80   0x00000006   Data   RO        12496    .conststring        gwin_radio.o
    0x08023c86   0x08023c86   0x00000002   PAD
    0x08023c88   0x08023c88   0x0000000b   Data   RO         2216    .conststrlit        rtx_kernel.o
    0x08023c93   0x08023c93   0x00000001   PAD
    0x08023c94   0x08023c94   0x000000a0   Data   RO         2415    .rodata             rtx_lib.o
    0x08023d34   0x08023d34   0x00000020   Data   RO        13357    Region$$Table       anon$$obj.o


    Execution Region RW_IRAM2 (Exec base: 0x20000000, Load base: 0x080240c0, Size: 0x00000000, Max: 0x00010000, ABSOLUTE)

    **** No section assigned to this execution region ****


    Execution Region RW_IRAM1 (Exec base: 0x20010000, Load base: 0x08023d54, Size: 0x0002c8a8, Max: 0x00040000, ABSOLUTE, COMPRESSED[0x0000036c])

    Exec Addr    Load Addr    Size         Type   Attr      Idx    E Section Name        Object

    0x20010000   COMPRESSED   0x000186e0   Data   RW         2407    .bss.os             rtx_lib.o
    0x200286e0   COMPRESSED   0x000001f0   Data   RW         2408    .bss.os.libspace    rtx_lib.o
    0x200288d0   COMPRESSED   0x00000034   Data   RW         2409    .bss.os.msgqueue.cb  rtx_lib.o
    0x20028904   COMPRESSED   0x00000050   Data   RW         2410    .bss.os.msgqueue.mem  rtx_lib.o
    0x20028954   COMPRESSED   0x00000088   Data   RW         2411    .bss.os.thread.cb   rtx_lib.o
    0x200289dc   COMPRESSED   0x00000004   PAD
    0x200289e0   COMPRESSED   0x00000190   Data   RW         2412    .bss.os.thread.stack  rtx_lib.o
    0x20028b70   COMPRESSED   0x0000006c   Data   RW           13    .data               main.o
    0x20028bdc   COMPRESSED   0x00000003   Data   RW          648    .data               phy_receiver.o
    0x20028bdf   COMPRESSED   0x00000001   PAD
    0x20028be0   COMPRESSED   0x000000e0   Data   RW          928    .data               gui.o
    0x20028cc0   COMPRESSED   0x00000008   Data   RW         1033    .data               resources_manager.o
    0x20028cc8   COMPRESSED   0x00000005   Data   RW         2414    .data               rtx_lib.o
    0x20028ccd   COMPRESSED   0x00000001   Data   RW         3704    .data               os_systick.o
    0x20028cce   COMPRESSED   0x00000002   PAD
    0x20028cd0   COMPRESSED   0x00000009   Data   RW         4403    .data               stm32f7xx_hal.o
    0x20028cd9   COMPRESSED   0x00000003   PAD
    0x20028cdc   COMPRESSED   0x00000004   Data   RW         6399    .data               system_stm32f7xx.o
    0x20028ce0   COMPRESSED   0x0000000a   Data   RW         6471    .data               ext_keyboard.o
    0x20028cea   COMPRESSED   0x00000002   PAD
    0x20028cec   COMPRESSED   0x00000005   Data   RW         6885    .data               stm32f7_i2c.o
    0x20028cf1   COMPRESSED   0x00000003   PAD
    0x20028cf4   COMPRESSED   0x00000004   Data   RW         7541    .data               gdisp.o
    0x20028cf8   COMPRESSED   0x00000004   Data   RW         8009    .data               gdisp_fonts.o
    0x20028cfc   COMPRESSED   0x00000020   Data   RW         8100    .data               gdisp_image.o
    0x20028d1c   COMPRESSED   0x00000008   Data   RW         8968    .data               gdriver.o
    0x20028d24   COMPRESSED   0x00000004   Data   RW         9208    .data               gevent.o
    0x20028d28   COMPRESSED   0x00000010   Data   RW         9478    .data               gfile.o
    0x20028d38   COMPRESSED   0x00000004   Data   RW         9827    .data               gfile_fs_rom.o
    0x20028d3c   COMPRESSED   0x00000001   Data   RW         9932    .data               gfx.o
    0x20028d3d   COMPRESSED   0x00000003   PAD
    0x20028d40   COMPRESSED   0x00000004   Data   RW        10946    .data               gos_x_heap.o
    0x20028d44   COMPRESSED   0x00000015   Data   RW        11271    .data               gtimer.o
    0x20028d59   COMPRESSED   0x00000003   PAD
    0x20028d5c   COMPRESSED   0x00000008   Data   RW        11717    .data               gwin.o
    0x20028d64   COMPRESSED   0x00000004   Data   RW        12591    .data               gwin_widget.o
    0x20028d68   COMPRESSED   0x00000015   Data   RW        12761    .data               gwin_wm.o
    0x20028d7d   COMPRESSED   0x00000003   PAD
    0x20028d80   COMPRESSED   0x00000004   Data   RW        12984    .data               c_w.l(stdio_streams.o)
    0x20028d84   COMPRESSED   0x00000004   Data   RW        12985    .data               c_w.l(stdio_streams.o)
    0x20028d88   COMPRESSED   0x00000004   Data   RW        12986    .data               c_w.l(stdio_streams.o)
    0x20028d8c   COMPRESSED   0x00000004   Data   RW        13122    .data               c_w.l(streamlock.o)
    0x20028d90   COMPRESSED   0x000000a4   Data   RW         2217    .data.os            rtx_kernel.o
    0x20028e34        -       0x00000028   Zero   RW           10    .bss                main.o
    0x20028e5c        -       0x00000030   Zero   RW          377    .bss                lcd.o
    0x20028e8c        -       0x00000100   Zero   RW          647    .bss                phy_receiver.o
    0x20028f8c        -       0x00000040   Zero   RW         1032    .bss                resources_manager.o
    0x20028fcc        -       0x0000001c   Zero   RW         3828    .bss                i2c_stm32f7xx.o
    0x20028fe8        -       0x000000f4   Zero   RW         4006    .bss                sai_stm32f7xx.o
    0x200290dc        -       0x00000064   Zero   RW         6470    .bss                ext_keyboard.o
    0x20029140        -       0x00000080   Zero   RW         6577    .bss                ext_uart.o
    0x200291c0        -       0x00000060   Zero   RW         6628    .bss                stm32f746g_discovery_sdram.o
    0x20029220        -       0x00000100   Zero   RW         6884    .bss                stm32f7_i2c.o
    0x20029320        -       0x00000200   Zero   RW         9207    .bss                gevent.o
    0x20029520        -       0x00000060   Zero   RW         9477    .bss                gfile.o
    0x20029580        -       0x0000001c   Zero   RW        10349    .bss                ginput_mouse.o
    0x2002959c        -       0x0000ea60   Zero   RW        10945    .bss                gos_x_heap.o
    0x20037ffc        -       0x00000030   Zero   RW        12589    .bss                gwin_widget.o
    0x2003802c        -       0x0000001c   Zero   RW        12759    .bss                gwin_wm.o
    0x20038048        -       0x00000054   Zero   RW        12981    .bss                c_w.l(stdio_streams.o)
    0x2003809c        -       0x00000054   Zero   RW        12982    .bss                c_w.l(stdio_streams.o)
    0x200380f0        -       0x00000054   Zero   RW        12983    .bss                c_w.l(stdio_streams.o)
    0x20038144        -       0x0000002c   Zero   RW        13004    .bss                c_w.l(localtime.o)
    0x20038170        -       0x00000060   Zero   RW        13266    .bss                c_w.l(libspace.o)
    0x200381d0   COMPRESSED   0x00000030   PAD
    0x20038200        -       0x000040a4   Zero   RW         4184    .bss.noinit         eventrecorder.o
    0x2003c2a4   COMPRESSED   0x00000004   PAD
    0x2003c2a8        -       0x00000200   Zero   RW         6387    HEAP                startup_stm32f746xx.o
    0x2003c4a8        -       0x00000400   Zero   RW         6386    STACK               startup_stm32f746xx.o


==============================================================================

Image component sizes


      Code (inc. data)   RO Data    RW Data    ZI Data      Debug   Object Name

         0          0          0          0          0       9520   audio_746g_discovery.o
        96         24          0          0          0        575   chat_receiver.o
       412         64          0          0          0       2314   chat_sender.o
      1104        276          0          0          0       1863   debug.o
      1290         88         24          0      16548      21425   eventrecorder.o
      2556        600          0         10        100       4371   ext_keyboard.o
       712         48        101          0          0       3048   ext_led.o
       208         28          0          0        128       2458   ext_uart.o
      6036         78          4          4          0      52020   gdisp.o
       166          6          0          4          0       5940   gdisp_fonts.o
       380          4          0         32          0      12904   gdisp_image.o
      2478          4          0          0          0      11548   gdisp_image_bmp.o
      2368        160        248          0          0      22325   gdisp_lld_stm32ltdc.o
       234         20          0          8          0       6371   gdriver.o
       654         60          0          4        512      11244   gevent.o
       562          8          0         16         96      10383   gfile.o
       218          4      28544          4          0       9796   gfile_fs_rom.o
        64          4          0          1          0       2546   gfx.o
         8          0          0          0          0      15934   ginput.o
      1574         36          0          0         28      10757   ginput_mouse.o
       352         32         60          0          0       8096   gmouse_lld_ft5336.o
         0          0          0          0          0       1780   gos_arduino.o
       148         10          0          0          0       4457   gos_cmsis2.o
       272         18          0          4      60000       3934   gos_x_heap.o
       152          0          0          0          0       8334   gqueue.o
       690         64          0         21          0       7698   gtimer.o
      6376       1086         56        224          0      23847   gui.o
       318         42          0          8          0      34997   gwin.o
       494         10         43          0          0       4556   gwin_button.o
       574         24         45          0          0       5921   gwin_checkbox.o
      1050         22         28          0          0       5975   gwin_console.o
       376         16         70          0          0       7159   gwin_container.o
       490         12         26          0          0       3748   gwin_image.o
       500         12         42          0          0       4644   gwin_label.o
       552         28         42          0          0       5923   gwin_radio.o
       964         48         56          4         48      15057   gwin_widget.o
      2576        118         40         21         28      21014   gwin_wm.o
      5172        204        204          0         28      29264   i2c_stm32f7xx.o
       196         12          1          0          0        676   irq_cm4f.o
      1796        320          0          0         48       3983   lcd.o
       950        396          0          0          0       3969   mac_receiver.o
      1330        486          0          0          0       4276   mac_sender.o
      1152        282        949        108         40     842679   main.o
         0          0          0          0          0       1348   mf_bwfont.o
       174          0          0          0          0       1961   mf_encoding.o
       104          4      15623          0          0       9935   mf_font.o
       734          0          0          0          0       8018   mf_justify.o
       430          8          0          0          0       5537   mf_kerning.o
       850          0          0          0          0       9863   mf_rlefont.o
       218          6          0          0          0       3705   mf_scaledfont.o
       848          0          0          0          0       7306   mf_wordwrap.o
       142         24          0          1          0       2668   os_systick.o
       536         90          0          3        256       2342   phy_receiver.o
       132         28          0          0          0       1641   phy_sender.o
       228        106          0          8         64       3457   resources_manager.o
       388         30         23          0          0       7142   retarget_io.o
        36          6          0          0          0       1085   rtx_config.o
       144         10          0          0          0      13582   rtx_delay.o
      1566         36          0          0          0      17835   rtx_evflags.o
      1808        366          0          0          0      64449   rtx_evr.o
      1370         82         11        164          0      30851   rtx_kernel.o
       214         12        260     101233          0      13642   rtx_lib.o
       478          0          0          0          0       4395   rtx_memory.o
      1630         30          0          0          0      16888   rtx_mempool.o
      2412         38          0          0          0      26113   rtx_msgqueue.o
      1146         34          0          0          0      13493   rtx_mutex.o
      1060         30          0          0          0      14335   rtx_semaphore.o
       796         42          0          0          0      10241   rtx_system.o
      2832        142          0          0          0      32518   rtx_thread.o
       260         30          0          0          0       3531   rtx_timer.o
      6038        178        248          0        244      65639   sai_stm32f7xx.o
        64         26        456          0       1536        876   startup_stm32f746xx.o
      5438         92          0          0         96      51012   stm32f746g_discovery_sdram.o
       472         40          0          5        256       6415   stm32f7_i2c.o
       116         16          0          9          0       7834   stm32f7xx_hal.o
       352         26          0          0          0      40569   stm32f7xx_hal_cortex.o
      1556         16          8          0          0       8635   stm32f7xx_hal_dma.o
       976        104          0          0          0       5152   stm32f7xx_hal_gpio.o
       144          8          0          0          0       1492   stm32f7xx_hal_pwr_ex.o
      1940         76          0          0          0       6208   stm32f7xx_hal_rcc.o
      2640         46          0          0          0       4316   stm32f7xx_hal_rcc_ex.o
      2438          0          0          0          0       9321   stm32f7xx_hal_spi.o
      2492         86          0          0          0      11782   stm32f7xx_hal_uart.o
       100         18         24          4          0       1415   system_stm32f7xx.o
        96         24          0          0          0        575   time_receiver.o
       212         48          0          0          0       8568   time_sender.o
       388         60          0          0          0       2815   touch.o

    ----------------------------------------------------------------------
     93696       6772      47288     101924      80060    1829834   Object Totals
         0          0         32          0          0          0   (incl. Generated)
        98          0         20         24          4          0   (incl. Padding)

    ----------------------------------------------------------------------

      Code (inc. data)   RO Data    RW Data    ZI Data      Debug   Library Member Name

        90          0          0          0          0          0   __dczerorl2.o
         8          0          0          0          0         68   __main.o
       312          4         17          0          0         92   __printf_flags_wp.o
        14          0          0          0          0         68   __printf_wp.o
         0          0          0          0          0          0   __rtentry.o
        20          0          0          0          0          0   __rtentry2.o
         6          0          0          0          0          0   __rtentry4.o
        52          8          0          0          0          0   __scatter.o
        28          0          0          0          0          0   __scatter_zi.o
         0          0         12          0          0          0   _monlen.o
        44          0          0          0          0        108   _printf_char.o
        48          6          0          0          0         96   _printf_char_common.o
        64          6          0          0          0         84   _printf_char_file_locked.o
         6          0          0          0          0          0   _printf_d.o
       120         16          0          0          0         92   _printf_dec.o
       178          0          0          0          0         88   _printf_intcommon.o
        78          0          0          0          0        108   _printf_pad.o
         0          0          0          0          0          0   _printf_percent.o
         4          0          0          0          0          0   _printf_percent_end.o
         6          0          0          0          0          0   _printf_s.o
        82          0          0          0          0         80   _printf_str.o
        10          0          0          0          0         68   _sputc.o
        10          0          0          0          0         68   defsig_exit.o
        50          0          0          0          0         88   defsig_general.o
        80         58          0          0          0         76   defsig_rtmem_inner.o
        14          0          0          0          0         80   defsig_rtmem_outer.o
        52         38          0          0          0         76   defsig_rtred_inner.o
        14          0          0          0          0         80   defsig_rtred_outer.o
        18          0          0          0          0         80   exit.o
        76          0          0          0          0         88   fclose.o
       470          0          0          0          0         88   flsbuf.o
       324          8          0          0          0        152   fopen_locked.o
        26          0          0          0          0         68   fputc.o
        36          0          0          0          0         80   fputc_locked.o
       248          6          0          0          0         84   fseek.o
        66          0          0          0          0         76   ftell.o
       158          0          0          0          0        128   h1_alloc_mt.o
        62          0          0          0          0         80   h1_extend_mt.o
        10          0          0          0          0         76   h1_final_mt.o
       118          0          0          0          0        108   h1_free_mt.o
        18          0          0          0          0         84   h1_init_mt.o
         6          0          0          0          0        152   heapauxi.o
         4          0          0          0          0        136   hguard.o
         0          0          0          0          0          0   indicate_semi.o
       138          0          0          0          0        168   init_alloc.o
       456         48          0          0          0        116   initio_locked.o
         2          0          0          0          0          0   libinit.o
        18          0          0          0          0          0   libinit2.o
         2          0          0          0          0          0   libshutdown.o
        10          0          0          0          0          0   libshutdown2.o
         8          4          0          0         96         68   libspace.o
       238          0          0          0          0        100   lludivv7m.o
        12          6          0          0         44         68   localtime.o
       184          6          0          0          0         80   localtime_internal.o
         0          0          0          0          0          0   maybetermalloc2.o
       428         10          0          0          0        116   mktime.o
        24          4          0          0          0         84   noretval__2printf.o
        40          6          0          0          0         84   noretval__2sprintf.o
         4          0          0          0          0         68   putc.o
         4          0          0          0          0         68   rt_errno_addr_twolibspace.o
        10          0          0          0          0         76   rt_heap_descriptor_twolibspace.o
        68          0          0          0          0         68   rt_memclr.o
        78          0          0          0          0         80   rt_memclr_w.o
       138          0          0          0          0         68   rt_memcpy_v6.o
       100          0          0          0          0         80   rt_memcpy_w.o
         2          0          0          0          0          0   rtexit.o
        10          0          0          0          0          0   rtexit2.o
       104          0          0          0          0         88   setvbuf_locked.o
       240          6          0          0          0        156   stdio.o
         0          0          0         12        252          0   stdio_streams.o
        24          0          0          0          0         68   strcat.o
       104          0          0          0          0         68   strcmpv7m_pel.o
        72          0          0          0          0         80   strcpy.o
         0          0          0          4          0          0   streamlock.o
        62          0          0          0          0         76   strlen.o
        12          4          0          0          0         68   sys_exit.o
        74          0          0          0          0         80   sys_stackheap_outer.o
        14          0          0          0          0         76   sys_wrch.o
        16          0          0          0          0         80   term_alloc.o
         2          0          0          0          0         68   use_no_semi.o
        10          0          0          0          0        116   fpinit.o

    ----------------------------------------------------------------------
      5756        244         32         16        440       5316   Library Totals
        18          0          3          0         48          0   (incl. Padding)

    ----------------------------------------------------------------------

      Code (inc. data)   RO Data    RW Data    ZI Data      Debug   Library Name

      5728        244         29         16        392       5200   c_w.l
        10          0          0          0          0        116   fz_wm.l

    ----------------------------------------------------------------------
      5756        244         32         16        440       5316   Library Totals

    ----------------------------------------------------------------------

==============================================================================


      Code (inc. data)   RO Data    RW Data    ZI Data      Debug   

     99452       7016      47320     101940      80500    1763038   Grand Totals
     99452       7016      47320        876      80500    1763038   ELF Image Totals (compressed)
     99452       7016      47320        876          0          0   ROM Totals

==============================================================================

    Total RO  Size (Code + RO Data)               146772 ( 143.33kB)
    Total RW  Size (RW Data + ZI Data)            182440 ( 178.16kB)
    Total ROM Size (Code + RO Data + RW Data)     147648 ( 144.19kB)

==============================================================================

